Archive member included because of file (symbol)

c:/program files (x86)/atollic/truestudio for arm 5.4.0/armtools/bin/../lib/gcc/arm-atollic-eabi/4.8.3/../../../../arm-atollic-eabi/lib/armv7-m\libc_s.a(lib_a-init.o)
                              src\startup_stm32l1xx_hd.o (__libc_init_array)
c:/program files (x86)/atollic/truestudio for arm 5.4.0/armtools/bin/../lib/gcc/arm-atollic-eabi/4.8.3/../../../../arm-atollic-eabi/lib/armv7-m\libc_s.a(lib_a-strlen.o)
                              src\tiny_printf.o (strlen)
c:/program files (x86)/atollic/truestudio for arm 5.4.0/armtools/bin/../lib/gcc/arm-atollic-eabi/4.8.3/../../../../arm-atollic-eabi/lib/armv7-m\libc_s.a(lib_a-syscalls.o)
                              src\tiny_printf.o (_write)
c:/program files (x86)/atollic/truestudio for arm 5.4.0/armtools/bin/../lib/gcc/arm-atollic-eabi/4.8.3/../../../../arm-atollic-eabi/lib/armv7-m\libc_s.a(lib_a-reent.o)
                              c:/program files (x86)/atollic/truestudio for arm 5.4.0/armtools/bin/../lib/gcc/arm-atollic-eabi/4.8.3/../../../../arm-atollic-eabi/lib/armv7-m\libc_s.a(lib_a-syscalls.o) (errno)
c:/program files (x86)/atollic/truestudio for arm 5.4.0/armtools/bin/../lib/gcc/arm-atollic-eabi/4.8.3/../../../../arm-atollic-eabi/lib/armv7-m\libc_s.a(lib_a-impure.o)
                              c:/program files (x86)/atollic/truestudio for arm 5.4.0/armtools/bin/../lib/gcc/arm-atollic-eabi/4.8.3/../../../../arm-atollic-eabi/lib/armv7-m\libc_s.a(lib_a-reent.o) (_impure_ptr)
c:/program files (x86)/atollic/truestudio for arm 5.4.0/armtools/bin/../lib/gcc/arm-atollic-eabi/4.8.3/../../../../arm-atollic-eabi/lib/armv7-m\libc_s.a(lib_a-nano-freer.o)
                              c:/program files (x86)/atollic/truestudio for arm 5.4.0/armtools/bin/../lib/gcc/arm-atollic-eabi/4.8.3/../../../../arm-atollic-eabi/lib/armv7-m\libc_s.a(lib_a-reent.o) (_free_r)
c:/program files (x86)/atollic/truestudio for arm 5.4.0/armtools/bin/../lib/gcc/arm-atollic-eabi/4.8.3/../../../../arm-atollic-eabi/lib/armv7-m\libc_s.a(lib_a-nano-mallocr.o)
                              c:/program files (x86)/atollic/truestudio for arm 5.4.0/armtools/bin/../lib/gcc/arm-atollic-eabi/4.8.3/../../../../arm-atollic-eabi/lib/armv7-m\libc_s.a(lib_a-nano-freer.o) (__malloc_free_list)
c:/program files (x86)/atollic/truestudio for arm 5.4.0/armtools/bin/../lib/gcc/arm-atollic-eabi/4.8.3/../../../../arm-atollic-eabi/lib/armv7-m\libc_s.a(lib_a-sbrkr.o)
                              c:/program files (x86)/atollic/truestudio for arm 5.4.0/armtools/bin/../lib/gcc/arm-atollic-eabi/4.8.3/../../../../arm-atollic-eabi/lib/armv7-m\libc_s.a(lib_a-nano-mallocr.o) (_sbrk_r)
c:/program files (x86)/atollic/truestudio for arm 5.4.0/armtools/bin/../lib/gcc/arm-atollic-eabi/4.8.3/../../../../arm-atollic-eabi/lib/armv7-m\libm.a(lib_a-w_pow.o)
                              src\USART_Lib.o (pow)
c:/program files (x86)/atollic/truestudio for arm 5.4.0/armtools/bin/../lib/gcc/arm-atollic-eabi/4.8.3/../../../../arm-atollic-eabi/lib/armv7-m\libm.a(lib_a-wf_atan2.o)
                              src\MPU6050.o (atan2f)
c:/program files (x86)/atollic/truestudio for arm 5.4.0/armtools/bin/../lib/gcc/arm-atollic-eabi/4.8.3/../../../../arm-atollic-eabi/lib/armv7-m\libm.a(lib_a-e_pow.o)
                              c:/program files (x86)/atollic/truestudio for arm 5.4.0/armtools/bin/../lib/gcc/arm-atollic-eabi/4.8.3/../../../../arm-atollic-eabi/lib/armv7-m\libm.a(lib_a-w_pow.o) (__ieee754_pow)
c:/program files (x86)/atollic/truestudio for arm 5.4.0/armtools/bin/../lib/gcc/arm-atollic-eabi/4.8.3/../../../../arm-atollic-eabi/lib/armv7-m\libm.a(lib_a-e_sqrt.o)
                              c:/program files (x86)/atollic/truestudio for arm 5.4.0/armtools/bin/../lib/gcc/arm-atollic-eabi/4.8.3/../../../../arm-atollic-eabi/lib/armv7-m\libm.a(lib_a-e_pow.o) (__ieee754_sqrt)
c:/program files (x86)/atollic/truestudio for arm 5.4.0/armtools/bin/../lib/gcc/arm-atollic-eabi/4.8.3/../../../../arm-atollic-eabi/lib/armv7-m\libm.a(lib_a-ef_atan2.o)
                              c:/program files (x86)/atollic/truestudio for arm 5.4.0/armtools/bin/../lib/gcc/arm-atollic-eabi/4.8.3/../../../../arm-atollic-eabi/lib/armv7-m\libm.a(lib_a-wf_atan2.o) (__ieee754_atan2f)
c:/program files (x86)/atollic/truestudio for arm 5.4.0/armtools/bin/../lib/gcc/arm-atollic-eabi/4.8.3/../../../../arm-atollic-eabi/lib/armv7-m\libm.a(lib_a-s_fabs.o)
                              c:/program files (x86)/atollic/truestudio for arm 5.4.0/armtools/bin/../lib/gcc/arm-atollic-eabi/4.8.3/../../../../arm-atollic-eabi/lib/armv7-m\libm.a(lib_a-e_pow.o) (fabs)
c:/program files (x86)/atollic/truestudio for arm 5.4.0/armtools/bin/../lib/gcc/arm-atollic-eabi/4.8.3/../../../../arm-atollic-eabi/lib/armv7-m\libm.a(lib_a-s_finite.o)
[...]
Memory Configuration

Name             Origin             Length             Attributes
FLASH            0x08000000         0x00080000         xr
RAM              0x20000000         0x00014000         xrw
MEMORY_B1        0x60000000         0x00000000         xr
*default*        0x00000000         0xffffffff

Linker script and memory map

LOAD c:/program files (x86)/atollic/truestudio for arm 5.4.0/armtools/bin/../lib/gcc/arm-atollic-eabi/4.8.3/armv7-m/crti.o
LOAD c:/program files (x86)/atollic/truestudio for arm 5.4.0/armtools/bin/../lib/gcc/arm-atollic-eabi/4.8.3/armv7-m/crtbegin.o
LOAD src\tiny_printf.o
LOAD src\system_stm32l1xx.o
LOAD src\startup_stm32l1xx_hd.o
LOAD src\main.o
LOAD src\USART_Lib.o
LOAD src\Timer.o
LOAD src\RAI.o
LOAD src\MPU6050.o
LOAD src\I2C_lib.o
LOAD Utilities\STM32L152_Nucleo\stm32l1xx_nucleo.o
LOAD Libraries\STM32L1xx_StdPeriph_Driver\src\stm32l1xx_wwdg.o
LOAD Libraries\STM32L1xx_StdPeriph_Driver\src\stm32l1xx_usart.o
LOAD Libraries\STM32L1xx_StdPeriph_Driver\src\stm32l1xx_tim.o
LOAD Libraries\STM32L1xx_StdPeriph_Driver\src\stm32l1xx_syscfg.o
LOAD Libraries\STM32L1xx_StdPeriph_Driver\src\stm32l1xx_spi.o
LOAD Libraries\STM32L1xx_StdPeriph_Driver\src\stm32l1xx_sdio.o
LOAD Libraries\STM32L1xx_StdPeriph_Driver\src\stm32l1xx_rtc.o
LOAD Libraries\STM32L1xx_StdPeriph_Driver\src\stm32l1xx_rcc.o
LOAD Libraries\STM32L1xx_StdPeriph_Driver\src\stm32l1xx_pwr.o
LOAD Libraries\STM32L1xx_StdPeriph_Driver\src\stm32l1xx_opamp.o
LOAD Libraries\STM32L1xx_StdPeriph_Driver\src\stm32l1xx_lcd.o
LOAD Libraries\STM32L1xx_StdPeriph_Driver\src\stm32l1xx_iwdg.o
LOAD Libraries\STM32L1xx_StdPeriph_Driver\src\stm32l1xx_i2c.o
LOAD Libraries\STM32L1xx_StdPeriph_Driver\src\stm32l1xx_gpio.o
LOAD Libraries\STM32L1xx_StdPeriph_Driver\src\stm32l1xx_fsmc.o
LOAD Libraries\STM32L1xx_StdPeriph_Driver\src\stm32l1xx_flash_ramfunc.o
LOAD Libraries\STM32L1xx_StdPeriph_Driver\src\stm32l1xx_flash.o
LOAD Libraries\STM32L1xx_StdPeriph_Driver\src\stm32l1xx_exti.o
LOAD Libraries\STM32L1xx_StdPeriph_Driver\src\stm32l1xx_dma.o
LOAD Libraries\STM32L1xx_StdPeriph_Driver\src\stm32l1xx_dbgmcu.o
LOAD Libraries\STM32L1xx_StdPeriph_Driver\src\stm32l1xx_dac.o
LOAD Libraries\STM32L1xx_StdPeriph_Driver\src\stm32l1xx_crc.o
LOAD Libraries\STM32L1xx_StdPeriph_Driver\src\stm32l1xx_comp.o
LOAD Libraries\STM32L1xx_StdPeriph_Driver\src\stm32l1xx_aes_util.o
LOAD Libraries\STM32L1xx_StdPeriph_Driver\src\stm32l1xx_aes.o
LOAD Libraries\STM32L1xx_StdPeriph_Driver\src\stm32l1xx_adc.o
LOAD Libraries\STM32L1xx_StdPeriph_Driver\src\misc.o
START GROUP
LOAD c:/program files (x86)/atollic/truestudio for arm 5.4.0/armtools/bin/../lib/gcc/arm-atollic-eabi/4.8.3/../../../../arm-atollic-eabi/lib/armv7-m\libc_s.a
LOAD c:/program files (x86)/atollic/truestudio for arm 5.4.0/armtools/bin/../lib/gcc/arm-atollic-eabi/4.8.3/../../../../arm-atollic-eabi/lib/armv7-m\libm.a
END GROUP
                0x00001000                malloc_getpagesize_P = 0x1000
START GROUP
LOAD c:/program files (x86)/atollic/truestudio for arm 5.4.0/armtools/bin/../lib/gcc/arm-atollic-eabi/4.8.3/armv7-m\libgcc.a
LOAD c:/program files (x86)/atollic/truestudio for arm 5.4.0/armtools/bin/../lib/gcc/arm-atollic-eabi/4.8.3/../../../../arm-atollic-eabi/lib/armv7-m\libc.a
END GROUP
LOAD c:/program files (x86)/atollic/truestudio for arm 5.4.0/armtools/bin/../lib/gcc/arm-atollic-eabi/4.8.3/armv7-m/crtend.o
LOAD c:/program files (x86)/atollic/truestudio for arm 5.4.0/armtools/bin/../lib/gcc/arm-atollic-eabi/4.8.3/armv7-m/crtn.o
                0x20014000                _estack = 0x20014000
                0x00000000                _Min_Heap_Size = 0x0
                0x00000400                _Min_Stack_Size = 0x400

.isr_vector     0x08000000      0x13c
                0x08000000                . = ALIGN (0x4)
 *(.isr_vector)
 .isr_vector    0x08000000      0x13c src\startup_stm32l1xx_hd.o
                0x08000000                g_pfnVectors
                0x0800013c                . = ALIGN (0x4)

.text           0x08000140     0x48ec
                0x08000140                . = ALIGN (0x4)
 *(.text)
 .text          0x08000140       0x40 c:/program files (x86)/atollic/truestudio for arm 5.4.0/armtools/bin/../lib/gcc/arm-atollic-eabi/4.8.3/armv7-m/crtbegin.o
 .text          0x08000180      0x370 c:/program files (x86)/atollic/truestudio for arm 5.4.0/armtools/bin/../lib/gcc/arm-atollic-eabi/4.8.3/armv7-m\libgcc.a(_arm_addsubdf3.o)
                0x08000180                __aeabi_drsub
                0x08000188                __aeabi_dsub
                0x08000188                __subdf3
                0x0800018c                __aeabi_dadd
                0x0800018c                __adddf3
                0x08000404                __floatunsidf
                0x08000404                __aeabi_ui2d
                0x08000424                __floatsidf
                0x08000424                __aeabi_i2d
                0x08000448                __aeabi_f2d
                0x08000448                __extendsfdf2
                0x08000484                __floatundidf
                0x08000484                __aeabi_ul2d
                0x08000494                __floatdidf
                0x08000494                __aeabi_l2d
 .text          0x080004f0      0x424 c:/program files (x86)/atollic/truestudio for arm 5.4.0/armtools/bin/../lib/gcc/arm-atollic-eabi/4.8.3/armv7-m\libgcc.a(_arm_muldivdf3.o)
                0x080004f0                __aeabi_dmul
                0x080004f0                __muldf3
                0x08000744                __divdf3
                0x08000744                __aeabi_ddiv
 .text          0x08000914      0x110 c:/program files (x86)/atollic/truestudio for arm 5.4.0/armtools/bin/../lib/gcc/arm-atollic-eabi/4.8.3/armv7-m\libgcc.a(_arm_cmpdf2.o)
                0x08000914                __gtdf2
                0x08000914                __gedf2
                0x0800091c                __ltdf2
                0x0800091c                __ledf2
                0x08000924                __nedf2
                0x08000924                __eqdf2
                0x08000924                __cmpdf2
                0x080009a0                __aeabi_cdrcmple
                0x080009b0                __aeabi_cdcmpeq
                0x080009b0                __aeabi_cdcmple
                0x080009c0                __aeabi_dcmpeq
                0x080009d4                __aeabi_dcmplt
                0x080009e8                __aeabi_dcmple
                0x080009fc                __aeabi_dcmpge
                0x08000a10                __aeabi_dcmpgt
 .text          0x08000a24       0x50 c:/program files (x86)/atollic/truestudio for arm 5.4.0/armtools/bin/../lib/gcc/arm-atollic-eabi/4.8.3/armv7-m\libgcc.a(_arm_fixdfsi.o)
                0x08000a24                __aeabi_d2iz
                0x08000a24                __fixdfsi
 .text          0x08000a74       0xa0 c:/program files (x86)/atollic/truestudio for arm 5.4.0/armtools/bin/../lib/gcc/arm-atollic-eabi/4.8.3/armv7-m\libgcc.a(_arm_truncdfsf2.o)
                0x08000a74                __truncdfsf2
                0x08000a74                __aeabi_d2f
 .text          0x08000b14      0x21c c:/program files (x86)/atollic/truestudio for arm 5.4.0/armtools/bin/../lib/gcc/arm-atollic-eabi/4.8.3/armv7-m\libgcc.a(_arm_addsubsf3.o)
                0x08000b14                __aeabi_frsub
                0x08000b1c                __subsf3
                0x08000b1c                __aeabi_fsub
                0x08000b20                __aeabi_fadd
                0x08000b20                __addsf3
                0x08000c80                __aeabi_ui2f
                0x08000c80                __floatunsisf
                0x08000c88                __aeabi_i2f
                0x08000c88                __floatsisf
                0x08000ca4                __aeabi_ul2f
                0x08000ca4                __floatundisf
                0x08000cb4                __aeabi_l2f
                0x08000cb4                __floatdisf
 .text          0x08000d30      0x2a0 c:/program files (x86)/atollic/truestudio for arm 5.4.0/armtools/bin/../lib/gcc/arm-atollic-eabi/4.8.3/armv7-m\libgcc.a(_arm_muldivsf3.o)
                0x08000d30                __mulsf3
                0x08000d30                __aeabi_fmul
                0x08000e98                __aeabi_fdiv
                0x08000e98                __divsf3
 .text          0x08000fd0       0xec c:/program files (x86)/atollic/truestudio for arm 5.4.0/armtools/bin/../lib/gcc/arm-atollic-eabi/4.8.3/armv7-m\libgcc.a(_arm_cmpsf2.o)
                0x08000fd0                __gesf2
                0x08000fd0                __gtsf2
                0x08000fd8                __lesf2
                0x08000fd8                __ltsf2
                0x08000fe0                __nesf2
                0x08000fe0                __eqsf2
                0x08000fe0                __cmpsf2
                0x08001040                __aeabi_cfrcmple
                0x08001048                __aeabi_cfcmpeq
                0x08001048                __aeabi_cfcmple
                0x08001058                __aeabi_fcmpeq
                0x0800106c                __aeabi_fcmplt
                0x08001080                __aeabi_fcmple
                0x08001094                __aeabi_fcmpge
                0x080010a8                __aeabi_fcmpgt
 .text          0x080010bc       0x4c c:/program files (x86)/atollic/truestudio for arm 5.4.0/armtools/bin/../lib/gcc/arm-atollic-eabi/4.8.3/armv7-m\libgcc.a(_arm_fixsfsi.o)
                0x080010bc                __aeabi_f2iz
                0x080010bc                __fixsfsi
 *(.text*)
 .text.ts_itoa  0x08001108       0x90 src\tiny_printf.o
                0x08001108                ts_itoa
 .text.ts_formatstring
                0x08001198      0x134 src\tiny_printf.o
                0x08001198                ts_formatstring
 .text.siprintf
                0x080012cc       0x2c src\tiny_printf.o
                0x080012cc                siprintf
                0x080012cc                sprintf
 .text.SystemInit
                0x080012f8       0x64 src\system_stm32l1xx.o
                0x080012f8                SystemInit
 .text.SetSysClock
                0x0800135c      0x120 src\system_stm32l1xx.o
 .text.Reset_Handler
                0x0800147c       0x58 src\startup_stm32l1xx_hd.o
                0x0800147c                Reset_Handler
 .text.Default_Handler
                0x080014d4        0x4 src\startup_stm32l1xx_hd.o
                0x080014d4                RTC_Alarm_IRQHandler
                0x080014d4                EXTI2_IRQHandler
                0x080014d4                COMP_ACQ_IRQHandler
                0x080014d4                DebugMon_Handler
                0x080014d4                HardFault_Handler
                0x080014d4                TIM10_IRQHandler
                0x080014d4                USB_HP_IRQHandler
                0x080014d4                TIM6_IRQHandler
                0x080014d4                PVD_IRQHandler
                0x080014d4                SDIO_IRQHandler
                0x080014d4                PendSV_Handler
                0x080014d4                NMI_Handler
                0x080014d4                EXTI3_IRQHandler
                0x080014d4                EXTI0_IRQHandler
                0x080014d4                I2C2_EV_IRQHandler
                0x080014d4                UsageFault_Handler
                0x080014d4                SPI1_IRQHandler
                0x080014d4                USB_FS_WKUP_IRQHandler
                0x080014d4                DMA2_Channel2_IRQHandler
                0x080014d4                DMA1_Channel4_IRQHandler
                0x080014d4                ADC1_IRQHandler
                0x080014d4                USART3_IRQHandler
                0x080014d4                DMA1_Channel7_IRQHandler
                0x080014d4                LCD_IRQHandler
                0x080014d4                UART5_IRQHandler
                0x080014d4                TIM4_IRQHandler
                0x080014d4                DMA2_Channel1_IRQHandler
                0x080014d4                I2C1_EV_IRQHandler
                0x080014d4                DMA1_Channel6_IRQHandler
                0x080014d4                UART4_IRQHandler
                0x080014d4                DMA2_Channel4_IRQHandler
                0x080014d4                TIM3_IRQHandler
                0x080014d4                RCC_IRQHandler
                0x080014d4                DMA1_Channel1_IRQHandler
                0x080014d4                Default_Handler
                0x080014d4                TIM7_IRQHandler
                0x080014d4                TIM5_IRQHandler
                0x080014d4                EXTI9_5_IRQHandler
                0x080014d4                TIM9_IRQHandler
                0x080014d4                TAMPER_STAMP_IRQHandler
                0x080014d4                RTC_WKUP_IRQHandler
                0x080014d4                SPI2_IRQHandler
                0x080014d4                MemManage_Handler
                0x080014d4                SVC_Handler
                0x080014d4                DMA2_Channel5_IRQHandler
                0x080014d4                DMA1_Channel5_IRQHandler
                0x080014d4                USB_LP_IRQHandler
                0x080014d4                EXTI4_IRQHandler
                0x080014d4                DMA1_Channel3_IRQHandler
                0x080014d4                COMP_IRQHandler
                0x080014d4                WWDG_IRQHandler
                0x080014d4                TIM2_IRQHandler
                0x080014d4                DAC_IRQHandler
                0x080014d4                EXTI1_IRQHandler
                0x080014d4                AES_IRQHandler
                0x080014d4                TIM11_IRQHandler
                0x080014d4                I2C2_ER_IRQHandler
                0x080014d4                DMA1_Channel2_IRQHandler
                0x080014d4                FLASH_IRQHandler
                0x080014d4                BusFault_Handler
                0x080014d4                USART1_IRQHandler
                0x080014d4                SPI3_IRQHandler
                0x080014d4                I2C1_ER_IRQHandler
                0x080014d4                DMA2_Channel3_IRQHandler
 .text.NVIC_SetPriority
                0x080014d8       0x54 src\main.o
 .text.SysTick_Config
                0x0800152c       0x44 src\main.o
 .text.main     0x08001570      0x140 src\main.o
                0x08001570                main
 .text.Delay    0x080016b0       0x28 src\main.o
                0x080016b0                Delay
 .text.TimingDelay_Decrement
                0x080016d8       0x24 src\main.o
                0x080016d8                TimingDelay_Decrement
 .text.Systick_Configuration
                0x080016fc       0x28 src\main.o
                0x080016fc                Systick_Configuration
 .text.USART2_Init
                0x08001724       0xf4 src\USART_Lib.o
                0x08001724                USART2_Init
 .text.USART_Send
                0x08001818       0x40 src\USART_Lib.o
                0x08001818                USART_Send
 .text.USART_SendFloat
                0x08001858       0xf8 src\USART_Lib.o
                0x08001858                USART_SendFloat
 .text.SysTick_Handler
                0x08001950       0x18 src\RAI.o
                0x08001950                SysTick_Handler
 .text.USART2_IRQHandler
                0x08001968       0xc8 src\RAI.o
                0x08001968                USART2_IRQHandler
 .text.MPU6050_InitConfig
                0x08001a30      0x11c src\MPU6050.o
                0x08001a30                MPU6050_InitConfig
 .text.MPU6050_Get_Raw_Data
                0x08001b4c       0xa8 src\MPU6050.o
                0x08001b4c                MPU6050_Get_Raw_Data
 .text.DisplayErrorCode
                0x08001bf4       0xc8 src\MPU6050.o
                0x08001bf4                DisplayErrorCode
 .text.MPU6050_SetLPF
                0x08001cbc       0x3c src\MPU6050.o
                0x08001cbc                MPU6050_SetLPF
 .text.MPU6050_Set_SampleRate
                0x08001cf8       0x9c src\MPU6050.o
                0x08001cf8                MPU6050_Set_SampleRate
 .text.MPU6050_Set_INT_Config
                0x08001d94       0x64 src\MPU6050.o
                0x08001d94                MPU6050_Set_INT_Config
 .text.MPU6050_Set_INT_Enable
                0x08001df8       0x34 src\MPU6050.o
                0x08001df8                MPU6050_Set_INT_Enable
 .text.MPU6050_SleepMode
                0x08001e2c       0x64 src\MPU6050.o
                0x08001e2c                MPU6050_SleepMode
 .text.MPU6050_Set_ClockSel
                0x08001e90       0x3c src\MPU6050.o
                0x08001e90                MPU6050_Set_ClockSel
 .text.MPU6050_Config_ContinuousMeasurement
                0x08001ecc       0xa8 src\MPU6050.o
                0x08001ecc                MPU6050_Config_ContinuousMeasurement
 .text.EXTI15_10_IRQHandler
                0x08001f74       0xe4 src\MPU6050.o
                0x08001f74                EXTI15_10_IRQHandler
 .text.MPU6050_Get_RPY_Data
                0x08002058      0x248 src\MPU6050.o
                0x08002058                MPU6050_Get_RPY_Data
 .text.I2C_InitConfig
                0x080022a0      0x16c src\I2C_lib.o
                0x080022a0                I2C_InitConfig
 .text.I2C_IsConnected
                0x0800240c       0x38 src\I2C_lib.o
                0x0800240c                I2C_IsConnected
 .text.I2C_ReadByte_Reg
                0x08002444       0x98 src\I2C_lib.o
                0x08002444                I2C_ReadByte_Reg
 .text.I2C_ReadByte_MultiReg
                0x080024dc       0xb8 src\I2C_lib.o
                0x080024dc                I2C_ReadByte_MultiReg
 .text.I2C_ReadBits_Reg
                0x08002594       0x70 src\I2C_lib.o
                0x08002594                I2C_ReadBits_Reg
 .text.I2C_WriteByte_Reg
                0x08002604       0x78 src\I2C_lib.o
                0x08002604                I2C_WriteByte_Reg
 .text.I2C_WriteBits_Reg
                0x0800267c       0x9c src\I2C_lib.o
                0x0800267c                I2C_WriteBits_Reg
 .text.I2C_Start
                0x08002718      0x108 src\I2C_lib.o
                0x08002718                I2C_Start
 .text.I2C_Write
                0x08002820       0x54 src\I2C_lib.o
                0x08002820                I2C_Write
 .text.I2C_ReadAck
                0x08002874       0x68 src\I2C_lib.o
                0x08002874                I2C_ReadAck
 .text.I2C_ReadNack
                0x080028dc       0x78 src\I2C_lib.o
                0x080028dc                I2C_ReadNack
 .text.I2C_Stop
                0x08002954       0x68 src\I2C_lib.o
                0x08002954                I2C_Stop
 .text.I2C_TestEvent
                0x080029bc       0x60 src\I2C_lib.o
                0x080029bc                I2C_TestEvent
 .text.USART_Init
                0x08002a1c      0x168 Libraries\STM32L1xx_StdPeriph_Driver\src\stm32l1xx_usart.o
                0x08002a1c                USART_Init
 .text.USART_Cmd
                0x08002b84       0x40 Libraries\STM32L1xx_StdPeriph_Driver\src\stm32l1xx_usart.o
                0x08002b84                USART_Cmd
 .text.USART_SendData
                0x08002bc4       0x24 Libraries\STM32L1xx_StdPeriph_Driver\src\stm32l1xx_usart.o
                0x08002bc4                USART_SendData
 .text.USART_ITConfig
                0x08002be8       0x90 Libraries\STM32L1xx_StdPeriph_Driver\src\stm32l1xx_usart.o
                0x08002be8                USART_ITConfig
 .text.USART_GetITStatus
                0x08002c78       0xb0 Libraries\STM32L1xx_StdPeriph_Driver\src\stm32l1xx_usart.o
                0x08002c78                USART_GetITStatus
 .text.SYSCFG_EXTILineConfig
                0x08002d28       0x7c Libraries\STM32L1xx_StdPeriph_Driver\src\stm32l1xx_syscfg.o
                0x08002d28                SYSCFG_EXTILineConfig
 .text.RCC_GetClocksFreq
                0x08002da4      0x1b4 Libraries\STM32L1xx_StdPeriph_Driver\src\stm32l1xx_rcc.o
                0x08002da4                RCC_GetClocksFreq
 .text.RCC_AHBPeriphClockCmd
                0x08002f58       0x3c Libraries\STM32L1xx_StdPeriph_Driver\src\stm32l1xx_rcc.o
                0x08002f58                RCC_AHBPeriphClockCmd
 .text.RCC_APB2PeriphClockCmd
                0x08002f94       0x3c Libraries\STM32L1xx_StdPeriph_Driver\src\stm32l1xx_rcc.o
                0x08002f94                RCC_APB2PeriphClockCmd
 .text.RCC_APB1PeriphClockCmd
                0x08002fd0       0x3c Libraries\STM32L1xx_StdPeriph_Driver\src\stm32l1xx_rcc.o
                0x08002fd0                RCC_APB1PeriphClockCmd
 .text.I2C_Init
                0x0800300c      0x184 Libraries\STM32L1xx_StdPeriph_Driver\src\stm32l1xx_i2c.o
                0x0800300c                I2C_Init
 .text.I2C_Cmd  0x08003190       0x40 Libraries\STM32L1xx_StdPeriph_Driver\src\stm32l1xx_i2c.o
                0x08003190                I2C_Cmd
 .text.GPIO_Init
                0x080031d0      0x128 Libraries\STM32L1xx_StdPeriph_Driver\src\stm32l1xx_gpio.o
                0x080031d0                GPIO_Init
 .text.GPIO_PinAFConfig
                0x080032f8       0x8c Libraries\STM32L1xx_StdPeriph_Driver\src\stm32l1xx_gpio.o
                0x080032f8                GPIO_PinAFConfig
 .text.EXTI_Init
                0x08003384       0xdc Libraries\STM32L1xx_StdPeriph_Driver\src\stm32l1xx_exti.o
                0x08003384                EXTI_Init
 .text.EXTI_GetFlagStatus
                0x08003460       0x34 Libraries\STM32L1xx_StdPeriph_Driver\src\stm32l1xx_exti.o
                0x08003460                EXTI_GetFlagStatus
 .text.EXTI_ClearITPendingBit
                0x08003494       0x1c Libraries\STM32L1xx_StdPeriph_Driver\src\stm32l1xx_exti.o
                0x08003494                EXTI_ClearITPendingBit
 .text.NVIC_Init
                0x080034b0       0xbc Libraries\STM32L1xx_StdPeriph_Driver\src\misc.o
                0x080034b0                NVIC_Init
 .text.__libc_init_array
                0x0800356c       0x4c c:/program files (x86)/atollic/truestudio for arm 5.4.0/armtools/bin/../lib/gcc/arm-atollic-eabi/4.8.3/../../../../arm-atollic-eabi/lib/armv7-m\libc_s.a(lib_a-init.o)
                0x0800356c                __libc_init_array
 .text.pow      0x080035b8      0x2c4 c:/program files (x86)/atollic/truestudio for arm 5.4.0/armtools/bin/../lib/gcc/arm-atollic-eabi/4.8.3/../../../../arm-atollic-eabi/lib/armv7-m\libm.a(lib_a-w_pow.o)
                0x080035b8                pow
 .text.atan2f   0x0800387c        0x4 c:/program files (x86)/atollic/truestudio for arm 5.4.0/armtools/bin/../lib/gcc/arm-atollic-eabi/4.8.3/../../../../arm-atollic-eabi/lib/armv7-m\libm.a(lib_a-wf_atan2.o)
                0x0800387c                atan2f
 .text.__ieee754_pow
                0x08003880      0xa48 c:/program files (x86)/atollic/truestudio for arm 5.4.0/armtools/bin/../lib/gcc/arm-atollic-eabi/4.8.3/../../../../arm-atollic-eabi/lib/armv7-m\libm.a(lib_a-e_pow.o)
                0x08003880                __ieee754_pow
 .text.__ieee754_sqrt
                0x080042c8      0x164 c:/program files (x86)/atollic/truestudio for arm 5.4.0/armtools/bin/../lib/gcc/arm-atollic-eabi/4.8.3/../../../../arm-atollic-eabi/lib/armv7-m\libm.a(lib_a-e_sqrt.o)
                0x080042c8                __ieee754_sqrt
 .text.__ieee754_atan2f
                0x0800442c      0x11c c:/program files (x86)/atollic/truestudio for arm 5.4.0/armtools/bin/../lib/gcc/arm-atollic-eabi/4.8.3/../../../../arm-atollic-eabi/lib/armv7-m\libm.a(lib_a-ef_atan2.o)
                0x0800442c                __ieee754_atan2f
 .text.fabs     0x08004548        0x6 c:/program files (x86)/atollic/truestudio for arm 5.4.0/armtools/bin/../lib/gcc/arm-atollic-eabi/4.8.3/../../../../arm-atollic-eabi/lib/armv7-m\libm.a(lib_a-s_fabs.o)
                0x08004548                fabs
 .text.finite   0x0800454e        0xc c:/program files (x86)/atollic/truestudio for arm 5.4.0/armtools/bin/../lib/gcc/arm-atollic-eabi/4.8.3/../../../../arm-atollic-eabi/lib/armv7-m\libm.a(lib_a-s_finite.o)
                0x0800454e                finite
 *fill*         0x0800455a        0x2 
 .text.__fpclassifyd
                0x0800455c       0x44 c:/program files (x86)/atollic/truestudio for arm 5.4.0/armtools/bin/../lib/gcc/arm-atollic-eabi/4.8.3/../../../../arm-atollic-eabi/lib/armv7-m\libm.a(lib_a-s_fpclassify.o)
                0x0800455c                __fpclassifyd
 .text.matherr  0x080045a0        0x4 c:/program files (x86)/atollic/truestudio for arm 5.4.0/armtools/bin/../lib/gcc/arm-atollic-eabi/4.8.3/../../../../arm-atollic-eabi/lib/armv7-m\libm.a(lib_a-s_matherr.o)
                0x080045a0                matherr
 .text.nan      0x080045a4        0xc c:/program files (x86)/atollic/truestudio for arm 5.4.0/armtools/bin/../lib/gcc/arm-atollic-eabi/4.8.3/../../../../arm-atollic-eabi/lib/armv7-m\libm.a(lib_a-s_nan.o)
                0x080045a4                nan
 .text.rint     0x080045b0      0x114 c:/program files (x86)/atollic/truestudio for arm 5.4.0/armtools/bin/../lib/gcc/arm-atollic-eabi/4.8.3/../../../../arm-atollic-eabi/lib/armv7-m\libm.a(lib_a-s_rint.o)
                0x080045b0                rint
 *fill*         0x080046c4        0x4 
 .text.scalbn   0x080046c8       0xe8 c:/program files (x86)/atollic/truestudio for arm 5.4.0/armtools/bin/../lib/gcc/arm-atollic-eabi/4.8.3/../../../../arm-atollic-eabi/lib/armv7-m\libm.a(lib_a-s_scalbn.o)
                0x080046c8                scalbn
 .text.atanf    0x080047b0      0x240 c:/program files (x86)/atollic/truestudio for arm 5.4.0/armtools/bin/../lib/gcc/arm-atollic-eabi/4.8.3/../../../../arm-atollic-eabi/lib/armv7-m\libm.a(lib_a-sf_atan.o)
                0x080047b0                atanf
 .text.fabsf    0x080049f0        0x6 c:/program files (x86)/atollic/truestudio for arm 5.4.0/armtools/bin/../lib/gcc/arm-atollic-eabi/4.8.3/../../../../arm-atollic-eabi/lib/armv7-m\libm.a(lib_a-sf_fabs.o)
                0x080049f0                fabsf
 .text.copysign
                0x080049f6       0x10 c:/program files (x86)/atollic/truestudio for arm 5.4.0/armtools/bin/../lib/gcc/arm-atollic-eabi/4.8.3/../../../../arm-atollic-eabi/lib/armv7-m\libm.a(lib_a-s_copysign.o)
                0x080049f6                copysign
 *fill*         0x08004a06        0x2 
 .text.__errno  0x08004a08        0xc c:/program files (x86)/atollic/truestudio for arm 5.4.0/armtools/bin/../lib/gcc/arm-atollic-eabi/4.8.3/../../../../arm-atollic-eabi/lib/armv7-m\libc_s.a(lib_a-errno.o)
                0x08004a08                __errno
 *(.glue_7)
 .glue_7        0x00000000        0x0 linker stubs
 *(.glue_7t)
 .glue_7t       0x00000000        0x0 linker stubs
 *(.eh_frame)
 .eh_frame      0x08004a14        0x0 c:/program files (x86)/atollic/truestudio for arm 5.4.0/armtools/bin/../lib/gcc/arm-atollic-eabi/4.8.3/armv7-m/crtbegin.o
 *(.init)
 .init          0x08004a14        0x4 c:/program files (x86)/atollic/truestudio for arm 5.4.0/armtools/bin/../lib/gcc/arm-atollic-eabi/4.8.3/armv7-m/crti.o
                0x08004a14                _init
 .init          0x08004a18        0x8 c:/program files (x86)/atollic/truestudio for arm 5.4.0/armtools/bin/../lib/gcc/arm-atollic-eabi/4.8.3/armv7-m/crtn.o
 *(.fini)
 .fini          0x08004a20        0x4 c:/program files (x86)/atollic/truestudio for arm 5.4.0/armtools/bin/../lib/gcc/arm-atollic-eabi/4.8.3/armv7-m/crti.o
                0x08004a20                _fini
 .fini          0x08004a24        0x8 c:/program files (x86)/atollic/truestudio for arm 5.4.0/armtools/bin/../lib/gcc/arm-atollic-eabi/4.8.3/armv7-m/crtn.o
                0x08004a2c                . = ALIGN (0x4)
                0x08004a2c                _etext = .

.vfp11_veneer   0x08004a2c        0x0
 .vfp11_veneer  0x00000000        0x0 linker stubs

.v4_bx          0x08004a2c        0x0
 .v4_bx         0x00000000        0x0 linker stubs

.iplt           0x08004a2c        0x0
 .iplt          0x00000000        0x0 c:/program files (x86)/atollic/truestudio for arm 5.4.0/armtools/bin/../lib/gcc/arm-atollic-eabi/4.8.3/armv7-m/crtbegin.o

.rodata         0x08004a30      0x1e0
                0x08004a30                . = ALIGN (0x4)
 *(.rodata)
 .rodata        0x08004a30       0x28 src\main.o
 .rodata        0x08004a58        0x8 src\USART_Lib.o
 .rodata        0x08004a60      0x148 src\MPU6050.o
 *(.rodata*)
 .rodata.str1.1
                0x08004ba8        0x2 c:/program files (x86)/atollic/truestudio for arm 5.4.0/armtools/bin/../lib/gcc/arm-atollic-eabi/4.8.3/../../../../arm-atollic-eabi/lib/armv7-m\libc_s.a(lib_a-impure.o)
 .rodata.str1.1
                0x08004baa        0x4 c:/program files (x86)/atollic/truestudio for arm 5.4.0/armtools/bin/../lib/gcc/arm-atollic-eabi/4.8.3/../../../../arm-atollic-eabi/lib/armv7-m\libm.a(lib_a-w_pow.o)
 *fill*         0x08004bae        0x2 
 .rodata.dp_h   0x08004bb0       0x10 c:/program files (x86)/atollic/truestudio for arm 5.4.0/armtools/bin/../lib/gcc/arm-atollic-eabi/4.8.3/../../../../arm-atollic-eabi/lib/armv7-m\libm.a(lib_a-e_pow.o)
 .rodata.dp_l   0x08004bc0       0x10 c:/program files (x86)/atollic/truestudio for arm 5.4.0/armtools/bin/../lib/gcc/arm-atollic-eabi/4.8.3/../../../../arm-atollic-eabi/lib/armv7-m\libm.a(lib_a-e_pow.o)
 .rodata.str1.1
                0x00000000        0x4 c:/program files (x86)/atollic/truestudio for arm 5.4.0/armtools/bin/../lib/gcc/arm-atollic-eabi/4.8.3/../../../../arm-atollic-eabi/lib/armv7-m\libm.a(lib_a-e_pow.o)
                                  0x1 (size before relaxing)
 .rodata.bp     0x08004bd0       0x10 c:/program files (x86)/atollic/truestudio for arm 5.4.0/armtools/bin/../lib/gcc/arm-atollic-eabi/4.8.3/../../../../arm-atollic-eabi/lib/armv7-m\libm.a(lib_a-e_pow.o)
 .rodata.TWO52  0x08004be0       0x10 c:/program files (x86)/atollic/truestudio for arm 5.4.0/armtools/bin/../lib/gcc/arm-atollic-eabi/4.8.3/../../../../arm-atollic-eabi/lib/armv7-m\libm.a(lib_a-s_rint.o)
 .rodata.atanlo
                0x08004bf0       0x10 c:/program files (x86)/atollic/truestudio for arm 5.4.0/armtools/bin/../lib/gcc/arm-atollic-eabi/4.8.3/../../../../arm-atollic-eabi/lib/armv7-m\libm.a(lib_a-sf_atan.o)
 .rodata.atanhi
                0x08004c00       0x10 c:/program files (x86)/atollic/truestudio for arm 5.4.0/armtools/bin/../lib/gcc/arm-atollic-eabi/4.8.3/../../../../arm-atollic-eabi/lib/armv7-m\libm.a(lib_a-sf_atan.o)
                0x08004c10                . = ALIGN (0x4)

.rel.dyn        0x08004c10        0x0
 .rel.iplt      0x00000000        0x0 c:/program files (x86)/atollic/truestudio for arm 5.4.0/armtools/bin/../lib/gcc/arm-atollic-eabi/4.8.3/armv7-m/crtbegin.o

.ARM.extab
 *(.ARM.extab* .gnu.linkonce.armextab.*)

.ARM            0x08004c10        0x0
                0x08004c10                __exidx_start = .
 *(.ARM.exidx*)
                0x08004c10                __exidx_end = .

.preinit_array  0x08004c10        0x0
                0x08004c10                PROVIDE (__preinit_array_start, .)
 *(.preinit_array*)
                0x08004c10                PROVIDE (__preinit_array_end, .)

.init_array     0x08004c10        0x4
                0x08004c10                PROVIDE (__init_array_start, .)
 *(SORT(.init_array.*))
 *(.init_array*)
 .init_array    0x08004c10        0x4 c:/program files (x86)/atollic/truestudio for arm 5.4.0/armtools/bin/../lib/gcc/arm-atollic-eabi/4.8.3/armv7-m/crtbegin.o
                0x08004c14                PROVIDE (__init_array_end, .)

.fini_array     0x08004c14        0x4
                0x08004c14                PROVIDE (__fini_array_start, .)
 *(SORT(.fini_array.*))
 *(.fini_array*)
 .fini_array    0x08004c14        0x4 c:/program files (x86)/atollic/truestudio for arm 5.4.0/armtools/bin/../lib/gcc/arm-atollic-eabi/4.8.3/armv7-m/crtbegin.o
                0x08004c18                PROVIDE (__fini_array_end, .)
                0x08004c18                _sidata = LOADADDR (.data)

.data           0x20000000       0x84 load address 0x08004c18
                0x20000000                . = ALIGN (0x4)
                0x20000000                _sdata = .
 *(.data)
 *(.data*)
 .data.PLLMulTable
                0x20000000        0xc Libraries\STM32L1xx_StdPeriph_Driver\src\stm32l1xx_rcc.o
 .data.APBAHBPrescTable
                0x2000000c       0x10 Libraries\STM32L1xx_StdPeriph_Driver\src\stm32l1xx_rcc.o
 .data.impure_data
                0x2000001c       0x60 c:/program files (x86)/atollic/truestudio for arm 5.4.0/armtools/bin/../lib/gcc/arm-atollic-eabi/4.8.3/../../../../arm-atollic-eabi/lib/armv7-m\libc_s.a(lib_a-impure.o)
 .data._impure_ptr
                0x2000007c        0x4 c:/program files (x86)/atollic/truestudio for arm 5.4.0/armtools/bin/../lib/gcc/arm-atollic-eabi/4.8.3/../../../../arm-atollic-eabi/lib/armv7-m\libc_s.a(lib_a-impure.o)
                0x2000007c                _impure_ptr
 .data.__fdlib_version
                0x20000080        0x1 c:/program files (x86)/atollic/truestudio for arm 5.4.0/armtools/bin/../lib/gcc/arm-atollic-eabi/4.8.3/../../../../arm-atollic-eabi/lib/armv7-m\libm.a(lib_a-s_lib_ver.o)
                0x20000080                __fdlib_version
                0x20000084                . = ALIGN (0x4)
 *fill*         0x20000081        0x3 
                0x20000084                _edata = .

.igot.plt       0x20000084        0x0 load address 0x08004c9c
 .igot.plt      0x00000000        0x0 c:/program files (x86)/atollic/truestudio for arm 5.4.0/armtools/bin/../lib/gcc/arm-atollic-eabi/4.8.3/armv7-m/crtbegin.o
                0x20000084                . = ALIGN (0x4)

.bss            0x20000084      0x284 load address 0x08004c9c
                0x20000084                _sbss = .
                0x20000084                __bss_start__ = _sbss
 *(.bss)
 .bss           0x20000084       0x1c c:/program files (x86)/atollic/truestudio for arm 5.4.0/armtools/bin/../lib/gcc/arm-atollic-eabi/4.8.3/armv7-m/crtbegin.o
 *(.bss*)
 .bss.TimingDelay
                0x200000a0        0x4 src\main.o
 .bss.counter   0x200000a4        0x4 src\RAI.o
 .bss.I2C_Timeout
                0x200000a8        0x4 src\I2C_lib.o
 *(COMMON)
 COMMON         0x200000ac      0x25a src\main.o
                0x200000ac                TX_Data
                0x200000b0                RX_Buffer_Counter
                0x200000b4                RX_Buffer
                0x200000c8                pending_data
                0x200000c9                OVERRUN
                0x200000ca                buffer_count
                0x200000cb                SENT
                0x200000cc                data_available
                0x200000d0                Buffer_Data
                0x20000300                pos_buffer
                0x20000304                Read_Counter
                0x20000305                Main_State
                0x20000308                . = ALIGN (0x4)
 *fill*         0x20000306        0x2 
                0x20000308                _ebss = .
                0x20000308                __bss_end__ = _ebss

._user_heap_stack
                0x20000308      0x400 load address 0x08004c9c
                0x20000308                . = ALIGN (0x4)
                0x20000308                PROVIDE (end, .)
                0x20000308                PROVIDE (_end, .)
                0x20000308                . = (. + _Min_Heap_Size)
                0x20000708                . = (. + _Min_Stack_Size)
 *fill*         0x20000308      0x400 
                0x20000708                . = ALIGN (0x4)

.memory_b1_text
 *(.mb1text)
 *(.mb1text*)
 *(.mb1rodata)
 *(.mb1rodata*)

/DISCARD/
 libc.a(*)
 libm.a(*)
 libgcc.a(*)

.ARM.attributes
                0x00000000       0x29
 *(.ARM.attributes)
 .ARM.attributes
                0x00000000       0x1d c:/program files (x86)/atollic/truestudio for arm 5.4.0/armtools/bin/../lib/gcc/arm-atollic-eabi/4.8.3/armv7-m/crti.o
 .ARM.attributes
                0x0000001d       0x2d c:/program files (x86)/atollic/truestudio for arm 5.4.0/armtools/bin/../lib/gcc/arm-atollic-eabi/4.8.3/armv7-m/crtbegin.o
 .ARM.attributes
                0x0000004a       0x33 src\tiny_printf.o
 .ARM.attributes
                0x0000007d       0x33 src\system_stm32l1xx.o
 .ARM.attributes
                0x000000b0       0x21 src\startup_stm32l1xx_hd.o
 .ARM.attributes
                0x000000d1       0x33 src\main.o
 .ARM.attributes
                0x00000104       0x33 src\USART_Lib.o
 .ARM.attributes
                0x00000137       0x33 src\RAI.o
 .ARM.attributes
                0x0000016a       0x33 src\MPU6050.o
 .ARM.attributes
                0x0000019d       0x33 src\I2C_lib.o
 .ARM.attributes
                0x000001d0       0x33 Libraries\STM32L1xx_StdPeriph_Driver\src\stm32l1xx_usart.o
 .ARM.attributes
                0x00000203       0x33 Libraries\STM32L1xx_StdPeriph_Driver\src\stm32l1xx_syscfg.o
 .ARM.attributes
                0x00000236       0x33 Libraries\STM32L1xx_StdPeriph_Driver\src\stm32l1xx_rcc.o
 .ARM.attributes
                0x00000269       0x33 Libraries\STM32L1xx_StdPeriph_Driver\src\stm32l1xx_i2c.o
 .ARM.attributes
                0x0000029c       0x33 Libraries\STM32L1xx_StdPeriph_Driver\src\stm32l1xx_gpio.o
 .ARM.attributes
                0x000002cf       0x33 Libraries\STM32L1xx_StdPeriph_Driver\src\stm32l1xx_exti.o
 .ARM.attributes
                0x00000302       0x33 Libraries\STM32L1xx_StdPeriph_Driver\src\misc.o
 .ARM.attributes
                0x00000335       0x2d c:/program files (x86)/atollic/truestudio for arm 5.4.0/armtools/bin/../lib/gcc/arm-atollic-eabi/4.8.3/../../../../arm-atollic-eabi/lib/armv7-m\libc_s.a(lib_a-init.o)
 .ARM.attributes
                0x00000362       0x2d c:/program files (x86)/atollic/truestudio for arm 5.4.0/armtools/bin/../lib/gcc/arm-atollic-eabi/4.8.3/../../../../arm-atollic-eabi/lib/armv7-m\libc_s.a(lib_a-impure.o)
 .ARM.attributes
                0x0000038f       0x2d c:/program files (x86)/atollic/truestudio for arm 5.4.0/armtools/bin/../lib/gcc/arm-atollic-eabi/4.8.3/../../../../arm-atollic-eabi/lib/armv7-m\libm.a(lib_a-w_pow.o)
 .ARM.attributes
                0x000003bc       0x2d c:/program files (x86)/atollic/truestudio for arm 5.4.0/armtools/bin/../lib/gcc/arm-atollic-eabi/4.8.3/../../../../arm-atollic-eabi/lib/armv7-m\libm.a(lib_a-wf_atan2.o)
 .ARM.attributes
                0x000003e9       0x2d c:/program files (x86)/atollic/truestudio for arm 5.4.0/armtools/bin/../lib/gcc/arm-atollic-eabi/4.8.3/../../../../arm-atollic-eabi/lib/armv7-m\libm.a(lib_a-e_pow.o)
 .ARM.attributes
                0x00000416       0x2d c:/program files (x86)/atollic/truestudio for arm 5.4.0/armtools/bin/../lib/gcc/arm-atollic-eabi/4.8.3/../../../../arm-atollic-eabi/lib/armv7-m\libm.a(lib_a-e_sqrt.o)
 .ARM.attributes
                0x00000443       0x2d c:/program files (x86)/atollic/truestudio for arm 5.4.0/armtools/bin/../lib/gcc/arm-atollic-eabi/4.8.3/../../../../arm-atollic-eabi/lib/armv7-m\libm.a(lib_a-ef_atan2.o)
 .ARM.attributes
                0x00000470       0x2d c:/program files (x86)/atollic/truestudio for arm 5.4.0/armtools/bin/../lib/gcc/arm-atollic-eabi/4.8.3/../../../../arm-atollic-eabi/lib/armv7-m\libm.a(lib_a-s_fabs.o)
 .ARM.attributes
                0x0000049d       0x2d c:/program files (x86)/atollic/truestudio for arm 5.4.0/armtools/bin/../lib/gcc/arm-atollic-eabi/4.8.3/../../../../arm-atollic-eabi/lib/armv7-m\libm.a(lib_a-s_finite.o)
 .ARM.attributes
                0x000004ca       0x2d c:/program files (x86)/atollic/truestudio for arm 5.4.0/armtools/bin/../lib/gcc/arm-atollic-eabi/4.8.3/../../../../arm-atollic-eabi/lib/armv7-m\libm.a(lib_a-s_fpclassify.o)
 .ARM.attributes
                0x000004f7       0x2d c:/program files (x86)/atollic/truestudio for arm 5.4.0/armtools/bin/../lib/gcc/arm-atollic-eabi/4.8.3/../../../../arm-atollic-eabi/lib/armv7-m\libm.a(lib_a-s_lib_ver.o)
 .ARM.attributes
                0x00000524       0x2d c:/program files (x86)/atollic/truestudio for arm 5.4.0/armtools/bin/../lib/gcc/arm-atollic-eabi/4.8.3/../../../../arm-atollic-eabi/lib/armv7-m\libm.a(lib_a-s_matherr.o)
 .ARM.attributes
                0x00000551       0x2d c:/program files (x86)/atollic/truestudio for arm 5.4.0/armtools/bin/../lib/gcc/arm-atollic-eabi/4.8.3/../../../../arm-atollic-eabi/lib/armv7-m\libm.a(lib_a-s_nan.o)
 .ARM.attributes
                0x0000057e       0x2d c:/program files (x86)/atollic/truestudio for arm 5.4.0/armtools/bin/../lib/gcc/arm-atollic-eabi/4.8.3/../../../../arm-atollic-eabi/lib/armv7-m\libm.a(lib_a-s_rint.o)
 .ARM.attributes
                0x000005ab       0x2d c:/program files (x86)/atollic/truestudio for arm 5.4.0/armtools/bin/../lib/gcc/arm-atollic-eabi/4.8.3/../../../../arm-atollic-eabi/lib/armv7-m\libm.a(lib_a-s_scalbn.o)
 .ARM.attributes
                0x000005d8       0x2d c:/program files (x86)/atollic/truestudio for arm 5.4.0/armtools/bin/../lib/gcc/arm-atollic-eabi/4.8.3/../../../../arm-atollic-eabi/lib/armv7-m\libm.a(lib_a-sf_atan.o)
 .ARM.attributes
                0x00000605       0x2d c:/program files (x86)/atollic/truestudio for arm 5.4.0/armtools/bin/../lib/gcc/arm-atollic-eabi/4.8.3/../../../../arm-atollic-eabi/lib/armv7-m\libm.a(lib_a-sf_fabs.o)
 .ARM.attributes
                0x00000632       0x2d c:/program files (x86)/atollic/truestudio for arm 5.4.0/armtools/bin/../lib/gcc/arm-atollic-eabi/4.8.3/../../../../arm-atollic-eabi/lib/armv7-m\libm.a(lib_a-s_copysign.o)
 .ARM.attributes
                0x0000065f       0x2d c:/program files (x86)/atollic/truestudio for arm 5.4.0/armtools/bin/../lib/gcc/arm-atollic-eabi/4.8.3/../../../../arm-atollic-eabi/lib/armv7-m\libc_s.a(lib_a-errno.o)
 .ARM.attributes
                0x0000068c       0x1d c:/program files (x86)/atollic/truestudio for arm 5.4.0/armtools/bin/../lib/gcc/arm-atollic-eabi/4.8.3/armv7-m\libgcc.a(_arm_addsubdf3.o)
 .ARM.attributes
                0x000006a9       0x1d c:/program files (x86)/atollic/truestudio for arm 5.4.0/armtools/bin/../lib/gcc/arm-atollic-eabi/4.8.3/armv7-m\libgcc.a(_arm_muldivdf3.o)
 .ARM.attributes
                0x000006c6       0x1d c:/program files (x86)/atollic/truestudio for arm 5.4.0/armtools/bin/../lib/gcc/arm-atollic-eabi/4.8.3/armv7-m\libgcc.a(_arm_cmpdf2.o)
 .ARM.attributes
                0x000006e3       0x1d c:/program files (x86)/atollic/truestudio for arm 5.4.0/armtools/bin/../lib/gcc/arm-atollic-eabi/4.8.3/armv7-m\libgcc.a(_arm_fixdfsi.o)
 .ARM.attributes
                0x00000700       0x1d c:/program files (x86)/atollic/truestudio for arm 5.4.0/armtools/bin/../lib/gcc/arm-atollic-eabi/4.8.3/armv7-m\libgcc.a(_arm_truncdfsf2.o)
 .ARM.attributes
                0x0000071d       0x1d c:/program files (x86)/atollic/truestudio for arm 5.4.0/armtools/bin/../lib/gcc/arm-atollic-eabi/4.8.3/armv7-m\libgcc.a(_arm_addsubsf3.o)
 .ARM.attributes
                0x0000073a       0x1d c:/program files (x86)/atollic/truestudio for arm 5.4.0/armtools/bin/../lib/gcc/arm-atollic-eabi/4.8.3/armv7-m\libgcc.a(_arm_muldivsf3.o)
 .ARM.attributes
                0x00000757       0x1d c:/program files (x86)/atollic/truestudio for arm 5.4.0/armtools/bin/../lib/gcc/arm-atollic-eabi/4.8.3/armv7-m\libgcc.a(_arm_cmpsf2.o)
 .ARM.attributes
                0x00000774       0x1d c:/program files (x86)/atollic/truestudio for arm 5.4.0/armtools/bin/../lib/gcc/arm-atollic-eabi/4.8.3/armv7-m\libgcc.a(_arm_fixsfsi.o)
 .ARM.attributes
                0x00000791       0x1d c:/program files (x86)/atollic/truestudio for arm 5.4.0/armtools/bin/../lib/gcc/arm-atollic-eabi/4.8.3/armv7-m/crtn.o
OUTPUT(Proyecto-Microprocesadores.elf elf32-littlearm)

.debug_info     0x00000000     0x7950
 .debug_info    0x00000000      0xbc2 src\tiny_printf.o
 .debug_info    0x00000bc2      0x559 src\system_stm32l1xx.o
 .debug_info    0x0000111b       0x76 src\startup_stm32l1xx_hd.o
 .debug_info    0x00001191      0xad4 src\main.o
 .debug_info    0x00001c65      0x82a src\USART_Lib.o
 .debug_info    0x0000248f      0x409 src\RAI.o
 .debug_info    0x00002898     0x13a5 src\MPU6050.o
 .debug_info    0x00003c3d      0xb39 src\I2C_lib.o
 .debug_info    0x00004776      0x9c6 Libraries\STM32L1xx_StdPeriph_Driver\src\stm32l1xx_usart.o
 .debug_info    0x0000513c      0x436 Libraries\STM32L1xx_StdPeriph_Driver\src\stm32l1xx_syscfg.o
 .debug_info    0x00005572      0xa13 Libraries\STM32L1xx_StdPeriph_Driver\src\stm32l1xx_rcc.o
 .debug_info    0x00005f85      0xaf8 Libraries\STM32L1xx_StdPeriph_Driver\src\stm32l1xx_i2c.o
 .debug_info    0x00006a7d      0x647 Libraries\STM32L1xx_StdPeriph_Driver\src\stm32l1xx_gpio.o
 .debug_info    0x000070c4      0x34b Libraries\STM32L1xx_StdPeriph_Driver\src\stm32l1xx_exti.o
 .debug_info    0x0000740f      0x541 Libraries\STM32L1xx_StdPeriph_Driver\src\misc.o

.debug_abbrev   0x00000000     0x16e0
 .debug_abbrev  0x00000000      0x248 src\tiny_printf.o
 .debug_abbrev  0x00000248      0x147 src\system_stm32l1xx.o
 .debug_abbrev  0x0000038f       0x12 src\startup_stm32l1xx_hd.o
 .debug_abbrev  0x000003a1      0x21f src\main.o
 .debug_abbrev  0x000005c0      0x171 src\USART_Lib.o
 .debug_abbrev  0x00000731      0x140 src\RAI.o
 .debug_abbrev  0x00000871      0x20a src\MPU6050.o
 .debug_abbrev  0x00000a7b      0x1b8 src\I2C_lib.o
 .debug_abbrev  0x00000c33      0x157 Libraries\STM32L1xx_StdPeriph_Driver\src\stm32l1xx_usart.o
 .debug_abbrev  0x00000d8a      0x178 Libraries\STM32L1xx_StdPeriph_Driver\src\stm32l1xx_syscfg.o
 .debug_abbrev  0x00000f02      0x1e5 Libraries\STM32L1xx_StdPeriph_Driver\src\stm32l1xx_rcc.o
 .debug_abbrev  0x000010e7      0x166 Libraries\STM32L1xx_StdPeriph_Driver\src\stm32l1xx_i2c.o
 .debug_abbrev  0x0000124d      0x1a5 Libraries\STM32L1xx_StdPeriph_Driver\src\stm32l1xx_gpio.o
 .debug_abbrev  0x000013f2      0x1a7 Libraries\STM32L1xx_StdPeriph_Driver\src\stm32l1xx_exti.o
 .debug_abbrev  0x00001599      0x147 Libraries\STM32L1xx_StdPeriph_Driver\src\misc.o

.debug_aranges  0x00000000      0x830
 .debug_aranges
                0x00000000       0x60 src\tiny_printf.o
 .debug_aranges
                0x00000060       0x30 src\system_stm32l1xx.o
 .debug_aranges
                0x00000090       0x28 src\startup_stm32l1xx_hd.o
 .debug_aranges
                0x000000b8       0x48 src\main.o
 .debug_aranges
                0x00000100       0x40 src\USART_Lib.o
 .debug_aranges
                0x00000140       0x28 src\RAI.o
 .debug_aranges
                0x00000168      0x118 src\MPU6050.o
 .debug_aranges
                0x00000280       0xa8 src\I2C_lib.o
 .debug_aranges
                0x00000328      0x100 Libraries\STM32L1xx_StdPeriph_Driver\src\stm32l1xx_usart.o
 .debug_aranges
                0x00000428       0x80 Libraries\STM32L1xx_StdPeriph_Driver\src\stm32l1xx_syscfg.o
 .debug_aranges
                0x000004a8      0x148 Libraries\STM32L1xx_StdPeriph_Driver\src\stm32l1xx_rcc.o
 .debug_aranges
                0x000005f0      0x120 Libraries\STM32L1xx_StdPeriph_Driver\src\stm32l1xx_i2c.o
 .debug_aranges
                0x00000710       0x88 Libraries\STM32L1xx_StdPeriph_Driver\src\stm32l1xx_gpio.o
 .debug_aranges
                0x00000798       0x58 Libraries\STM32L1xx_StdPeriph_Driver\src\stm32l1xx_exti.o
 .debug_aranges
                0x000007f0       0x40 Libraries\STM32L1xx_StdPeriph_Driver\src\misc.o

.debug_ranges   0x00000000      0x748
 .debug_ranges  0x00000000       0x50 src\tiny_printf.o
 .debug_ranges  0x00000050       0x20 src\system_stm32l1xx.o
 .debug_ranges  0x00000070       0x20 src\startup_stm32l1xx_hd.o
 .debug_ranges  0x00000090       0x38 src\main.o
 .debug_ranges  0x000000c8       0x30 src\USART_Lib.o
 .debug_ranges  0x000000f8       0x18 src\RAI.o
 .debug_ranges  0x00000110      0x108 src\MPU6050.o
 .debug_ranges  0x00000218       0x98 src\I2C_lib.o
 .debug_ranges  0x000002b0       0xf0 Libraries\STM32L1xx_StdPeriph_Driver\src\stm32l1xx_usart.o
 .debug_ranges  0x000003a0       0x70 Libraries\STM32L1xx_StdPeriph_Driver\src\stm32l1xx_syscfg.o
 .debug_ranges  0x00000410      0x138 Libraries\STM32L1xx_StdPeriph_Driver\src\stm32l1xx_rcc.o
 .debug_ranges  0x00000548      0x110 Libraries\STM32L1xx_StdPeriph_Driver\src\stm32l1xx_i2c.o
 .debug_ranges  0x00000658       0x78 Libraries\STM32L1xx_StdPeriph_Driver\src\stm32l1xx_gpio.o
 .debug_ranges  0x000006d0       0x48 Libraries\STM32L1xx_StdPeriph_Driver\src\stm32l1xx_exti.o
 .debug_ranges  0x00000718       0x30 Libraries\STM32L1xx_StdPeriph_Driver\src\misc.o

.debug_line     0x00000000     0x3293
 .debug_line    0x00000000      0x2cf src\tiny_printf.o
 .debug_line    0x000002cf      0x208 src\system_stm32l1xx.o
 .debug_line    0x000004d7       0x7c src\startup_stm32l1xx_hd.o
 .debug_line    0x00000553      0x2ba src\main.o
 .debug_line    0x0000080d      0x27e src\USART_Lib.o
 .debug_line    0x00000a8b      0x1d1 src\RAI.o
 .debug_line    0x00000c5c      0x7d1 src\MPU6050.o
 .debug_line    0x0000142d      0x531 src\I2C_lib.o
 .debug_line    0x0000195e      0x48b Libraries\STM32L1xx_StdPeriph_Driver\src\stm32l1xx_usart.o
 .debug_line    0x00001de9      0x2d6 Libraries\STM32L1xx_StdPeriph_Driver\src\stm32l1xx_syscfg.o
 .debug_line    0x000020bf      0x50b Libraries\STM32L1xx_StdPeriph_Driver\src\stm32l1xx_rcc.o
 .debug_line    0x000025ca      0x4ca Libraries\STM32L1xx_StdPeriph_Driver\src\stm32l1xx_i2c.o
 .debug_line    0x00002a94      0x32f Libraries\STM32L1xx_StdPeriph_Driver\src\stm32l1xx_gpio.o
 .debug_line    0x00002dc3      0x298 Libraries\STM32L1xx_StdPeriph_Driver\src\stm32l1xx_exti.o
 .debug_line    0x0000305b      0x238 Libraries\STM32L1xx_StdPeriph_Driver\src\misc.o

.debug_str      0x00000000     0x2a26
 .debug_str     0x00000000      0x55f src\tiny_printf.o
                                0x5dc (size before relaxing)
 .debug_str     0x0000055f      0x1f8 src\system_stm32l1xx.o
                                0x386 (size before relaxing)
 .debug_str     0x00000757      0x747 src\main.o
                                0x9bd (size before relaxing)
 .debug_str     0x00000e9e      0x335 src\USART_Lib.o
                                0x925 (size before relaxing)
 .debug_str     0x000011d3       0x2f src\RAI.o
                                0x43a (size before relaxing)
 .debug_str     0x00001202      0x578 src\MPU6050.o
                                0xfca (size before relaxing)
 .debug_str     0x0000177a      0x200 src\I2C_lib.o
                                0x6b0 (size before relaxing)
 .debug_str     0x0000197a      0x3a6 Libraries\STM32L1xx_StdPeriph_Driver\src\stm32l1xx_usart.o
                                0x6d1 (size before relaxing)
 .debug_str     0x00001d20      0x27b Libraries\STM32L1xx_StdPeriph_Driver\src\stm32l1xx_syscfg.o
                                0x45b (size before relaxing)
 .debug_str     0x00001f9b      0x3fc Libraries\STM32L1xx_StdPeriph_Driver\src\stm32l1xx_rcc.o
                                0x751 (size before relaxing)
 .debug_str     0x00002397      0x31b Libraries\STM32L1xx_StdPeriph_Driver\src\stm32l1xx_i2c.o
                                0x6a7 (size before relaxing)
 .debug_str     0x000026b2      0x17b Libraries\STM32L1xx_StdPeriph_Driver\src\stm32l1xx_gpio.o
                                0x50d (size before relaxing)
 .debug_str     0x0000282d       0xf3 Libraries\STM32L1xx_StdPeriph_Driver\src\stm32l1xx_exti.o
                                0x39b (size before relaxing)
 .debug_str     0x00002920      0x106 Libraries\STM32L1xx_StdPeriph_Driver\src\misc.o
                                0x410 (size before relaxing)

.comment        0x00000000       0x82
 .comment       0x00000000       0x82 src\tiny_printf.o
                                 0x83 (size before relaxing)
 .comment       0x00000000       0x83 src\system_stm32l1xx.o
 .comment       0x00000000       0x83 src\main.o
 .comment       0x00000000       0x83 src\USART_Lib.o
 .comment       0x00000000       0x83 src\RAI.o
 .comment       0x00000000       0x83 src\MPU6050.o
 .comment       0x00000000       0x83 src\I2C_lib.o
 .comment       0x00000000       0x83 Libraries\STM32L1xx_StdPeriph_Driver\src\stm32l1xx_usart.o
 .comment       0x00000000       0x83 Libraries\STM32L1xx_StdPeriph_Driver\src\stm32l1xx_syscfg.o
 .comment       0x00000000       0x83 Libraries\STM32L1xx_StdPeriph_Driver\src\stm32l1xx_rcc.o
 .comment       0x00000000       0x83 Libraries\STM32L1xx_StdPeriph_Driver\src\stm32l1xx_i2c.o
 .comment       0x00000000       0x83 Libraries\STM32L1xx_StdPeriph_Driver\src\stm32l1xx_gpio.o
 .comment       0x00000000       0x83 Libraries\STM32L1xx_StdPeriph_Driver\src\stm32l1xx_exti.o
 .comment       0x00000000       0x83 Libraries\STM32L1xx_StdPeriph_Driver\src\misc.o

.debug_frame    0x00000000     0x1c60
 .debug_frame   0x00000000      0x154 src\tiny_printf.o
 .debug_frame   0x00000154       0x64 src\system_stm32l1xx.o
 .debug_frame   0x000001b8       0xc0 src\main.o
 .debug_frame   0x00000278       0xac src\USART_Lib.o
 .debug_frame   0x00000324       0x4c src\RAI.o
 .debug_frame   0x00000370      0x418 src\MPU6050.o
 .debug_frame   0x00000788      0x248 src\I2C_lib.o
 .debug_frame   0x000009d0      0x344 Libraries\STM32L1xx_StdPeriph_Driver\src\stm32l1xx_usart.o
 .debug_frame   0x00000d14      0x178 Libraries\STM32L1xx_StdPeriph_Driver\src\stm32l1xx_syscfg.o
 .debug_frame   0x00000e8c      0x430 Libraries\STM32L1xx_StdPeriph_Driver\src\stm32l1xx_rcc.o
 .debug_frame   0x000012bc      0x3b4 Libraries\STM32L1xx_StdPeriph_Driver\src\stm32l1xx_i2c.o
 .debug_frame   0x00001670      0x19c Libraries\STM32L1xx_StdPeriph_Driver\src\stm32l1xx_gpio.o
 .debug_frame   0x0000180c       0xec Libraries\STM32L1xx_StdPeriph_Driver\src\stm32l1xx_exti.o
 .debug_frame   0x000018f8       0x9c Libraries\STM32L1xx_StdPeriph_Driver\src\misc.o
 .debug_frame   0x00001994       0x2c c:/program files (x86)/atollic/truestudio for arm 5.4.0/armtools/bin/../lib/gcc/arm-atollic-eabi/4.8.3/../../../../arm-atollic-eabi/lib/armv7-m\libc_s.a(lib_a-init.o)
 .debug_frame   0x000019c0       0x38 c:/program files (x86)/atollic/truestudio for arm 5.4.0/armtools/bin/../lib/gcc/arm-atollic-eabi/4.8.3/../../../../arm-atollic-eabi/lib/armv7-m\libm.a(lib_a-w_pow.o)
 .debug_frame   0x000019f8       0x20 c:/program files (x86)/atollic/truestudio for arm 5.4.0/armtools/bin/../lib/gcc/arm-atollic-eabi/4.8.3/../../../../arm-atollic-eabi/lib/armv7-m\libm.a(lib_a-wf_atan2.o)
 .debug_frame   0x00001a18       0x38 c:/program files (x86)/atollic/truestudio for arm 5.4.0/armtools/bin/../lib/gcc/arm-atollic-eabi/4.8.3/../../../../arm-atollic-eabi/lib/armv7-m\libm.a(lib_a-e_pow.o)
 .debug_frame   0x00001a50       0x34 c:/program files (x86)/atollic/truestudio for arm 5.4.0/armtools/bin/../lib/gcc/arm-atollic-eabi/4.8.3/../../../../arm-atollic-eabi/lib/armv7-m\libm.a(lib_a-e_sqrt.o)
 .debug_frame   0x00001a84       0x30 c:/program files (x86)/atollic/truestudio for arm 5.4.0/armtools/bin/../lib/gcc/arm-atollic-eabi/4.8.3/../../../../arm-atollic-eabi/lib/armv7-m\libm.a(lib_a-ef_atan2.o)
 .debug_frame   0x00001ab4       0x20 c:/program files (x86)/atollic/truestudio for arm 5.4.0/armtools/bin/../lib/gcc/arm-atollic-eabi/4.8.3/../../../../arm-atollic-eabi/lib/armv7-m\libm.a(lib_a-s_fabs.o)
 .debug_frame   0x00001ad4       0x20 c:/program files (x86)/atollic/truestudio for arm 5.4.0/armtools/bin/../lib/gcc/arm-atollic-eabi/4.8.3/../../../../arm-atollic-eabi/lib/armv7-m\libm.a(lib_a-s_finite.o)
 .debug_frame   0x00001af4       0x28 c:/program files (x86)/atollic/truestudio for arm 5.4.0/armtools/bin/../lib/gcc/arm-atollic-eabi/4.8.3/../../../../arm-atollic-eabi/lib/armv7-m\libm.a(lib_a-s_fpclassify.o)
 .debug_frame   0x00001b1c       0x20 c:/program files (x86)/atollic/truestudio for arm 5.4.0/armtools/bin/../lib/gcc/arm-atollic-eabi/4.8.3/../../../../arm-atollic-eabi/lib/armv7-m\libm.a(lib_a-s_matherr.o)
 .debug_frame   0x00001b3c       0x20 c:/program files (x86)/atollic/truestudio for arm 5.4.0/armtools/bin/../lib/gcc/arm-atollic-eabi/4.8.3/../../../../arm-atollic-eabi/lib/armv7-m\libm.a(lib_a-s_nan.o)
 .debug_frame   0x00001b5c       0x38 c:/program files (x86)/atollic/truestudio for arm 5.4.0/armtools/bin/../lib/gcc/arm-atollic-eabi/4.8.3/../../../../arm-atollic-eabi/lib/armv7-m\libm.a(lib_a-s_rint.o)
 .debug_frame   0x00001b94       0x30 c:/program files (x86)/atollic/truestudio for arm 5.4.0/armtools/bin/../lib/gcc/arm-atollic-eabi/4.8.3/../../../../arm-atollic-eabi/lib/armv7-m\libm.a(lib_a-s_scalbn.o)
 .debug_frame   0x00001bc4       0x30 c:/program files (x86)/atollic/truestudio for arm 5.4.0/armtools/bin/../lib/gcc/arm-atollic-eabi/4.8.3/../../../../arm-atollic-eabi/lib/armv7-m\libm.a(lib_a-sf_atan.o)
 .debug_frame   0x00001bf4       0x20 c:/program files (x86)/atollic/truestudio for arm 5.4.0/armtools/bin/../lib/gcc/arm-atollic-eabi/4.8.3/../../../../arm-atollic-eabi/lib/armv7-m\libm.a(lib_a-sf_fabs.o)
 .debug_frame   0x00001c14       0x2c c:/program files (x86)/atollic/truestudio for arm 5.4.0/armtools/bin/../lib/gcc/arm-atollic-eabi/4.8.3/../../../../arm-atollic-eabi/lib/armv7-m\libm.a(lib_a-s_copysign.o)
 .debug_frame   0x00001c40       0x20 c:/program files (x86)/atollic/truestudio for arm 5.4.0/armtools/bin/../lib/gcc/arm-atollic-eabi/4.8.3/../../../../arm-atollic-eabi/lib/armv7-m\libc_s.a(lib_a-errno.o)

Cross Reference Table

Symbol                                            File
ADC1_IRQHandler                                   src\startup_stm32l1xx_hd.o
ADC_AnalogWatchdogCmd                             Libraries\STM32L1xx_StdPeriph_Driver\src\stm32l1xx_adc.o
ADC_AnalogWatchdogSingleChannelConfig             Libraries\STM32L1xx_StdPeriph_Driver\src\stm32l1xx_adc.o
ADC_AnalogWatchdogThresholdsConfig                Libraries\STM32L1xx_StdPeriph_Driver\src\stm32l1xx_adc.o
ADC_AutoInjectedConvCmd                           Libraries\STM32L1xx_StdPeriph_Driver\src\stm32l1xx_adc.o
ADC_BankSelection                                 Libraries\STM32L1xx_StdPeriph_Driver\src\stm32l1xx_adc.o
ADC_ClearFlag                                     Libraries\STM32L1xx_StdPeriph_Driver\src\stm32l1xx_adc.o
ADC_ClearITPendingBit                             Libraries\STM32L1xx_StdPeriph_Driver\src\stm32l1xx_adc.o
ADC_Cmd                                           Libraries\STM32L1xx_StdPeriph_Driver\src\stm32l1xx_adc.o
                                                  Utilities\STM32L152_Nucleo\stm32l1xx_nucleo.o
ADC_CommonInit                                    Libraries\STM32L1xx_StdPeriph_Driver\src\stm32l1xx_adc.o
ADC_CommonStructInit                              Libraries\STM32L1xx_StdPeriph_Driver\src\stm32l1xx_adc.o
ADC_ContinuousModeCmd                             Libraries\STM32L1xx_StdPeriph_Driver\src\stm32l1xx_adc.o
ADC_DMACmd                                        Libraries\STM32L1xx_StdPeriph_Driver\src\stm32l1xx_adc.o
ADC_DMARequestAfterLastTransferCmd                Libraries\STM32L1xx_StdPeriph_Driver\src\stm32l1xx_adc.o
ADC_DeInit                                        Libraries\STM32L1xx_StdPeriph_Driver\src\stm32l1xx_adc.o
ADC_DelaySelectionConfig                          Libraries\STM32L1xx_StdPeriph_Driver\src\stm32l1xx_adc.o
ADC_DiscModeChannelCountConfig                    Libraries\STM32L1xx_StdPeriph_Driver\src\stm32l1xx_adc.o
ADC_DiscModeCmd                                   Libraries\STM32L1xx_StdPeriph_Driver\src\stm32l1xx_adc.o
ADC_EOCOnEachRegularChannelCmd                    Libraries\STM32L1xx_StdPeriph_Driver\src\stm32l1xx_adc.o
ADC_ExternalTrigInjectedConvConfig                Libraries\STM32L1xx_StdPeriph_Driver\src\stm32l1xx_adc.o
ADC_ExternalTrigInjectedConvEdgeConfig            Libraries\STM32L1xx_StdPeriph_Driver\src\stm32l1xx_adc.o
ADC_GetConversionValue                            Libraries\STM32L1xx_StdPeriph_Driver\src\stm32l1xx_adc.o
                                                  Utilities\STM32L152_Nucleo\stm32l1xx_nucleo.o
ADC_GetFlagStatus                                 Libraries\STM32L1xx_StdPeriph_Driver\src\stm32l1xx_adc.o
                                                  Utilities\STM32L152_Nucleo\stm32l1xx_nucleo.o
ADC_GetITStatus                                   Libraries\STM32L1xx_StdPeriph_Driver\src\stm32l1xx_adc.o
ADC_GetInjectedConversionValue                    Libraries\STM32L1xx_StdPeriph_Driver\src\stm32l1xx_adc.o
ADC_GetSoftwareStartConvStatus                    Libraries\STM32L1xx_StdPeriph_Driver\src\stm32l1xx_adc.o
ADC_GetSoftwareStartInjectedConvCmdStatus         Libraries\STM32L1xx_StdPeriph_Driver\src\stm32l1xx_adc.o
ADC_ITConfig                                      Libraries\STM32L1xx_StdPeriph_Driver\src\stm32l1xx_adc.o
ADC_Init                                          Libraries\STM32L1xx_StdPeriph_Driver\src\stm32l1xx_adc.o
                                                  Utilities\STM32L152_Nucleo\stm32l1xx_nucleo.o
ADC_InjectedChannelConfig                         Libraries\STM32L1xx_StdPeriph_Driver\src\stm32l1xx_adc.o
ADC_InjectedDiscModeCmd                           Libraries\STM32L1xx_StdPeriph_Driver\src\stm32l1xx_adc.o
ADC_InjectedSequencerLengthConfig                 Libraries\STM32L1xx_StdPeriph_Driver\src\stm32l1xx_adc.o
ADC_PowerDownCmd                                  Libraries\STM32L1xx_StdPeriph_Driver\src\stm32l1xx_adc.o
ADC_RegularChannelConfig                          Libraries\STM32L1xx_StdPeriph_Driver\src\stm32l1xx_adc.o
                                                  Utilities\STM32L152_Nucleo\stm32l1xx_nucleo.o
ADC_SetInjectedOffset                             Libraries\STM32L1xx_StdPeriph_Driver\src\stm32l1xx_adc.o
ADC_SoftwareStartConv                             Libraries\STM32L1xx_StdPeriph_Driver\src\stm32l1xx_adc.o
                                                  Utilities\STM32L152_Nucleo\stm32l1xx_nucleo.o
ADC_SoftwareStartInjectedConv                     Libraries\STM32L1xx_StdPeriph_Driver\src\stm32l1xx_adc.o
ADC_StructInit                                    Libraries\STM32L1xx_StdPeriph_Driver\src\stm32l1xx_adc.o
                                                  Utilities\STM32L152_Nucleo\stm32l1xx_nucleo.o
ADC_TempSensorVrefintCmd                          Libraries\STM32L1xx_StdPeriph_Driver\src\stm32l1xx_adc.o
AES_CBC_Decrypt                                   Libraries\STM32L1xx_StdPeriph_Driver\src\stm32l1xx_aes_util.o
AES_CBC_Encrypt                                   Libraries\STM32L1xx_StdPeriph_Driver\src\stm32l1xx_aes_util.o
AES_CTR_Decrypt                                   Libraries\STM32L1xx_StdPeriph_Driver\src\stm32l1xx_aes_util.o
AES_CTR_Encrypt                                   Libraries\STM32L1xx_StdPeriph_Driver\src\stm32l1xx_aes_util.o
AES_ClearFlag                                     Libraries\STM32L1xx_StdPeriph_Driver\src\stm32l1xx_aes.o
                                                  Libraries\STM32L1xx_StdPeriph_Driver\src\stm32l1xx_aes_util.o
AES_ClearITPendingBit                             Libraries\STM32L1xx_StdPeriph_Driver\src\stm32l1xx_aes.o
AES_Cmd                                           Libraries\STM32L1xx_StdPeriph_Driver\src\stm32l1xx_aes.o
                                                  Libraries\STM32L1xx_StdPeriph_Driver\src\stm32l1xx_aes_util.o
AES_DMAConfig                                     Libraries\STM32L1xx_StdPeriph_Driver\src\stm32l1xx_aes.o
AES_DeInit                                        Libraries\STM32L1xx_StdPeriph_Driver\src\stm32l1xx_aes.o
AES_ECB_Decrypt                                   Libraries\STM32L1xx_StdPeriph_Driver\src\stm32l1xx_aes_util.o
AES_ECB_Encrypt                                   Libraries\STM32L1xx_StdPeriph_Driver\src\stm32l1xx_aes_util.o
AES_GetFlagStatus                                 Libraries\STM32L1xx_StdPeriph_Driver\src\stm32l1xx_aes.o
                                                  Libraries\STM32L1xx_StdPeriph_Driver\src\stm32l1xx_aes_util.o
AES_GetITStatus                                   Libraries\STM32L1xx_StdPeriph_Driver\src\stm32l1xx_aes.o
AES_IRQHandler                                    src\startup_stm32l1xx_hd.o
AES_ITConfig                                      Libraries\STM32L1xx_StdPeriph_Driver\src\stm32l1xx_aes.o
AES_IVInit                                        Libraries\STM32L1xx_StdPeriph_Driver\src\stm32l1xx_aes.o
                                                  Libraries\STM32L1xx_StdPeriph_Driver\src\stm32l1xx_aes_util.o
AES_IVStructInit                                  Libraries\STM32L1xx_StdPeriph_Driver\src\stm32l1xx_aes.o
AES_Init                                          Libraries\STM32L1xx_StdPeriph_Driver\src\stm32l1xx_aes.o
                                                  Libraries\STM32L1xx_StdPeriph_Driver\src\stm32l1xx_aes_util.o
AES_KeyInit                                       Libraries\STM32L1xx_StdPeriph_Driver\src\stm32l1xx_aes.o
                                                  Libraries\STM32L1xx_StdPeriph_Driver\src\stm32l1xx_aes_util.o
AES_KeyStructInit                                 Libraries\STM32L1xx_StdPeriph_Driver\src\stm32l1xx_aes.o
AES_ReadIV                                        Libraries\STM32L1xx_StdPeriph_Driver\src\stm32l1xx_aes.o
AES_ReadKey                                       Libraries\STM32L1xx_StdPeriph_Driver\src\stm32l1xx_aes.o
AES_ReadSubData                                   Libraries\STM32L1xx_StdPeriph_Driver\src\stm32l1xx_aes.o
                                                  Libraries\STM32L1xx_StdPeriph_Driver\src\stm32l1xx_aes_util.o
AES_StructInit                                    Libraries\STM32L1xx_StdPeriph_Driver\src\stm32l1xx_aes.o
AES_WriteSubData                                  Libraries\STM32L1xx_StdPeriph_Driver\src\stm32l1xx_aes.o
                                                  Libraries\STM32L1xx_StdPeriph_Driver\src\stm32l1xx_aes_util.o
AHBPrescTable                                     src\system_stm32l1xx.o
BUTTON_CLK                                        Utilities\STM32L152_Nucleo\stm32l1xx_nucleo.o
BUTTON_EXTI_LINE                                  Utilities\STM32L152_Nucleo\stm32l1xx_nucleo.o
BUTTON_IRQn                                       Utilities\STM32L152_Nucleo\stm32l1xx_nucleo.o
BUTTON_PIN                                        Utilities\STM32L152_Nucleo\stm32l1xx_nucleo.o
BUTTON_PIN_SOURCE                                 Utilities\STM32L152_Nucleo\stm32l1xx_nucleo.o
BUTTON_PORT                                       Utilities\STM32L152_Nucleo\stm32l1xx_nucleo.o
BUTTON_PORT_SOURCE                                Utilities\STM32L152_Nucleo\stm32l1xx_nucleo.o
Buffer_Data                                       src\MPU6050.o
                                                  src\RAI.o
                                                  src\main.o
BusFault_Handler                                  src\startup_stm32l1xx_hd.o
COMP_ACQ_IRQHandler                               src\startup_stm32l1xx_hd.o
COMP_Cmd                                          Libraries\STM32L1xx_StdPeriph_Driver\src\stm32l1xx_comp.o
COMP_DeInit                                       Libraries\STM32L1xx_StdPeriph_Driver\src\stm32l1xx_comp.o
COMP_GetOutputLevel                               Libraries\STM32L1xx_StdPeriph_Driver\src\stm32l1xx_comp.o
COMP_IRQHandler                                   src\startup_stm32l1xx_hd.o
COMP_Init                                         Libraries\STM32L1xx_StdPeriph_Driver\src\stm32l1xx_comp.o
COMP_SW1SwitchConfig                              Libraries\STM32L1xx_StdPeriph_Driver\src\stm32l1xx_comp.o
COMP_VrefintOutputCmd                             Libraries\STM32L1xx_StdPeriph_Driver\src\stm32l1xx_comp.o
COMP_WindowCmd                                    Libraries\STM32L1xx_StdPeriph_Driver\src\stm32l1xx_comp.o
CRC_CalcBlockCRC                                  Libraries\STM32L1xx_StdPeriph_Driver\src\stm32l1xx_crc.o
CRC_CalcCRC                                       Libraries\STM32L1xx_StdPeriph_Driver\src\stm32l1xx_crc.o
CRC_GetCRC                                        Libraries\STM32L1xx_StdPeriph_Driver\src\stm32l1xx_crc.o
CRC_GetIDRegister                                 Libraries\STM32L1xx_StdPeriph_Driver\src\stm32l1xx_crc.o
CRC_ResetDR                                       Libraries\STM32L1xx_StdPeriph_Driver\src\stm32l1xx_crc.o
CRC_SetIDRegister                                 Libraries\STM32L1xx_StdPeriph_Driver\src\stm32l1xx_crc.o
DAC_ClearFlag                                     Libraries\STM32L1xx_StdPeriph_Driver\src\stm32l1xx_dac.o
DAC_ClearITPendingBit                             Libraries\STM32L1xx_StdPeriph_Driver\src\stm32l1xx_dac.o
DAC_Cmd                                           Libraries\STM32L1xx_StdPeriph_Driver\src\stm32l1xx_dac.o
DAC_DMACmd                                        Libraries\STM32L1xx_StdPeriph_Driver\src\stm32l1xx_dac.o
DAC_DeInit                                        Libraries\STM32L1xx_StdPeriph_Driver\src\stm32l1xx_dac.o
DAC_DualSoftwareTriggerCmd                        Libraries\STM32L1xx_StdPeriph_Driver\src\stm32l1xx_dac.o
DAC_GetDataOutputValue                            Libraries\STM32L1xx_StdPeriph_Driver\src\stm32l1xx_dac.o
DAC_GetFlagStatus                                 Libraries\STM32L1xx_StdPeriph_Driver\src\stm32l1xx_dac.o
DAC_GetITStatus                                   Libraries\STM32L1xx_StdPeriph_Driver\src\stm32l1xx_dac.o
DAC_IRQHandler                                    src\startup_stm32l1xx_hd.o
DAC_ITConfig                                      Libraries\STM32L1xx_StdPeriph_Driver\src\stm32l1xx_dac.o
DAC_Init                                          Libraries\STM32L1xx_StdPeriph_Driver\src\stm32l1xx_dac.o
DAC_SetChannel1Data                               Libraries\STM32L1xx_StdPeriph_Driver\src\stm32l1xx_dac.o
DAC_SetChannel2Data                               Libraries\STM32L1xx_StdPeriph_Driver\src\stm32l1xx_dac.o
DAC_SetDualChannelData                            Libraries\STM32L1xx_StdPeriph_Driver\src\stm32l1xx_dac.o
DAC_SoftwareTriggerCmd                            Libraries\STM32L1xx_StdPeriph_Driver\src\stm32l1xx_dac.o
DAC_StructInit                                    Libraries\STM32L1xx_StdPeriph_Driver\src\stm32l1xx_dac.o
DAC_WaveGenerationCmd                             Libraries\STM32L1xx_StdPeriph_Driver\src\stm32l1xx_dac.o
DATA_EEPROM_EraseByte                             Libraries\STM32L1xx_StdPeriph_Driver\src\stm32l1xx_flash.o
DATA_EEPROM_EraseDoubleWord                       Libraries\STM32L1xx_StdPeriph_Driver\src\stm32l1xx_flash_ramfunc.o
DATA_EEPROM_EraseHalfWord                         Libraries\STM32L1xx_StdPeriph_Driver\src\stm32l1xx_flash.o
DATA_EEPROM_EraseWord                             Libraries\STM32L1xx_StdPeriph_Driver\src\stm32l1xx_flash.o
DATA_EEPROM_FastProgramByte                       Libraries\STM32L1xx_StdPeriph_Driver\src\stm32l1xx_flash.o
DATA_EEPROM_FastProgramHalfWord                   Libraries\STM32L1xx_StdPeriph_Driver\src\stm32l1xx_flash.o
DATA_EEPROM_FastProgramWord                       Libraries\STM32L1xx_StdPeriph_Driver\src\stm32l1xx_flash.o
DATA_EEPROM_FixedTimeProgramCmd                   Libraries\STM32L1xx_StdPeriph_Driver\src\stm32l1xx_flash.o
DATA_EEPROM_Lock                                  Libraries\STM32L1xx_StdPeriph_Driver\src\stm32l1xx_flash.o
DATA_EEPROM_ProgramByte                           Libraries\STM32L1xx_StdPeriph_Driver\src\stm32l1xx_flash.o
DATA_EEPROM_ProgramDoubleWord                     Libraries\STM32L1xx_StdPeriph_Driver\src\stm32l1xx_flash_ramfunc.o
DATA_EEPROM_ProgramHalfWord                       Libraries\STM32L1xx_StdPeriph_Driver\src\stm32l1xx_flash.o
DATA_EEPROM_ProgramWord                           Libraries\STM32L1xx_StdPeriph_Driver\src\stm32l1xx_flash.o
DATA_EEPROM_Unlock                                Libraries\STM32L1xx_StdPeriph_Driver\src\stm32l1xx_flash.o
DBGMCU_APB1PeriphConfig                           Libraries\STM32L1xx_StdPeriph_Driver\src\stm32l1xx_dbgmcu.o
DBGMCU_APB2PeriphConfig                           Libraries\STM32L1xx_StdPeriph_Driver\src\stm32l1xx_dbgmcu.o
DBGMCU_Config                                     Libraries\STM32L1xx_StdPeriph_Driver\src\stm32l1xx_dbgmcu.o
DBGMCU_GetDEVID                                   Libraries\STM32L1xx_StdPeriph_Driver\src\stm32l1xx_dbgmcu.o
DBGMCU_GetREVID                                   Libraries\STM32L1xx_StdPeriph_Driver\src\stm32l1xx_dbgmcu.o
DMA1_Channel1_IRQHandler                          src\startup_stm32l1xx_hd.o
DMA1_Channel2_IRQHandler                          src\startup_stm32l1xx_hd.o
DMA1_Channel3_IRQHandler                          src\startup_stm32l1xx_hd.o
DMA1_Channel4_IRQHandler                          src\startup_stm32l1xx_hd.o
DMA1_Channel5_IRQHandler                          src\startup_stm32l1xx_hd.o
DMA1_Channel6_IRQHandler                          src\startup_stm32l1xx_hd.o
DMA1_Channel7_IRQHandler                          src\startup_stm32l1xx_hd.o
DMA2_Channel1_IRQHandler                          src\startup_stm32l1xx_hd.o
DMA2_Channel2_IRQHandler                          src\startup_stm32l1xx_hd.o
DMA2_Channel3_IRQHandler                          src\startup_stm32l1xx_hd.o
DMA2_Channel4_IRQHandler                          src\startup_stm32l1xx_hd.o
DMA2_Channel5_IRQHandler                          src\startup_stm32l1xx_hd.o
DMA_ClearFlag                                     Libraries\STM32L1xx_StdPeriph_Driver\src\stm32l1xx_dma.o
DMA_ClearITPendingBit                             Libraries\STM32L1xx_StdPeriph_Driver\src\stm32l1xx_dma.o
DMA_Cmd                                           Libraries\STM32L1xx_StdPeriph_Driver\src\stm32l1xx_dma.o
DMA_DeInit                                        Libraries\STM32L1xx_StdPeriph_Driver\src\stm32l1xx_dma.o
DMA_GetCurrDataCounter                            Libraries\STM32L1xx_StdPeriph_Driver\src\stm32l1xx_dma.o
DMA_GetFlagStatus                                 Libraries\STM32L1xx_StdPeriph_Driver\src\stm32l1xx_dma.o
DMA_GetITStatus                                   Libraries\STM32L1xx_StdPeriph_Driver\src\stm32l1xx_dma.o
DMA_ITConfig                                      Libraries\STM32L1xx_StdPeriph_Driver\src\stm32l1xx_dma.o
DMA_Init                                          Libraries\STM32L1xx_StdPeriph_Driver\src\stm32l1xx_dma.o
DMA_SetCurrDataCounter                            Libraries\STM32L1xx_StdPeriph_Driver\src\stm32l1xx_dma.o
DMA_StructInit                                    Libraries\STM32L1xx_StdPeriph_Driver\src\stm32l1xx_dma.o
DebugMon_Handler                                  src\startup_stm32l1xx_hd.o
Default_Handler                                   src\startup_stm32l1xx_hd.o
Delay                                             src\main.o
                                                  src\MPU6050.o
DisplayErrorCode                                  src\MPU6050.o
                                                  src\main.o
EXTI0_IRQHandler                                  src\startup_stm32l1xx_hd.o
EXTI15_10_IRQHandler                              src\MPU6050.o
                                                  src\startup_stm32l1xx_hd.o
EXTI1_IRQHandler                                  src\startup_stm32l1xx_hd.o
EXTI2_IRQHandler                                  src\startup_stm32l1xx_hd.o
EXTI3_IRQHandler                                  src\startup_stm32l1xx_hd.o
EXTI4_IRQHandler                                  src\startup_stm32l1xx_hd.o
EXTI9_5_IRQHandler                                src\startup_stm32l1xx_hd.o
EXTI_ClearFlag                                    Libraries\STM32L1xx_StdPeriph_Driver\src\stm32l1xx_exti.o
EXTI_ClearITPendingBit                            Libraries\STM32L1xx_StdPeriph_Driver\src\stm32l1xx_exti.o
                                                  src\MPU6050.o
EXTI_DeInit                                       Libraries\STM32L1xx_StdPeriph_Driver\src\stm32l1xx_exti.o
EXTI_GenerateSWInterrupt                          Libraries\STM32L1xx_StdPeriph_Driver\src\stm32l1xx_exti.o
EXTI_GetFlagStatus                                Libraries\STM32L1xx_StdPeriph_Driver\src\stm32l1xx_exti.o
                                                  src\MPU6050.o
EXTI_GetITStatus                                  Libraries\STM32L1xx_StdPeriph_Driver\src\stm32l1xx_exti.o
EXTI_Init                                         Libraries\STM32L1xx_StdPeriph_Driver\src\stm32l1xx_exti.o
                                                  Utilities\STM32L152_Nucleo\stm32l1xx_nucleo.o
                                                  src\MPU6050.o
EXTI_StructInit                                   Libraries\STM32L1xx_StdPeriph_Driver\src\stm32l1xx_exti.o
FLASH_ClearFlag                                   Libraries\STM32L1xx_StdPeriph_Driver\src\stm32l1xx_flash.o
FLASH_ErasePage                                   Libraries\STM32L1xx_StdPeriph_Driver\src\stm32l1xx_flash.o
FLASH_EraseParallelPage                           Libraries\STM32L1xx_StdPeriph_Driver\src\stm32l1xx_flash_ramfunc.o
FLASH_FastProgramWord                             Libraries\STM32L1xx_StdPeriph_Driver\src\stm32l1xx_flash.o
FLASH_GetFlagStatus                               Libraries\STM32L1xx_StdPeriph_Driver\src\stm32l1xx_flash.o
FLASH_GetStatus                                   Libraries\STM32L1xx_StdPeriph_Driver\src\stm32l1xx_flash.o
FLASH_IRQHandler                                  src\startup_stm32l1xx_hd.o
FLASH_ITConfig                                    Libraries\STM32L1xx_StdPeriph_Driver\src\stm32l1xx_flash.o
FLASH_Lock                                        Libraries\STM32L1xx_StdPeriph_Driver\src\stm32l1xx_flash.o
FLASH_OB_BORConfig                                Libraries\STM32L1xx_StdPeriph_Driver\src\stm32l1xx_flash.o
FLASH_OB_BootConfig                               Libraries\STM32L1xx_StdPeriph_Driver\src\stm32l1xx_flash.o
FLASH_OB_GetBOR                                   Libraries\STM32L1xx_StdPeriph_Driver\src\stm32l1xx_flash.o
FLASH_OB_GetRDP                                   Libraries\STM32L1xx_StdPeriph_Driver\src\stm32l1xx_flash.o
FLASH_OB_GetUser                                  Libraries\STM32L1xx_StdPeriph_Driver\src\stm32l1xx_flash.o
FLASH_OB_GetWRP                                   Libraries\STM32L1xx_StdPeriph_Driver\src\stm32l1xx_flash.o
FLASH_OB_GetWRP1                                  Libraries\STM32L1xx_StdPeriph_Driver\src\stm32l1xx_flash.o
FLASH_OB_GetWRP2                                  Libraries\STM32L1xx_StdPeriph_Driver\src\stm32l1xx_flash.o
FLASH_OB_Launch                                   Libraries\STM32L1xx_StdPeriph_Driver\src\stm32l1xx_flash.o
FLASH_OB_Lock                                     Libraries\STM32L1xx_StdPeriph_Driver\src\stm32l1xx_flash.o
FLASH_OB_RDPConfig                                Libraries\STM32L1xx_StdPeriph_Driver\src\stm32l1xx_flash.o
FLASH_OB_Unlock                                   Libraries\STM32L1xx_StdPeriph_Driver\src\stm32l1xx_flash.o
FLASH_OB_UserConfig                               Libraries\STM32L1xx_StdPeriph_Driver\src\stm32l1xx_flash.o
FLASH_OB_WRP1Config                               Libraries\STM32L1xx_StdPeriph_Driver\src\stm32l1xx_flash.o
FLASH_OB_WRP2Config                               Libraries\STM32L1xx_StdPeriph_Driver\src\stm32l1xx_flash.o
FLASH_OB_WRPConfig                                Libraries\STM32L1xx_StdPeriph_Driver\src\stm32l1xx_flash.o
FLASH_PrefetchBufferCmd                           Libraries\STM32L1xx_StdPeriph_Driver\src\stm32l1xx_flash.o
FLASH_ProgramHalfPage                             Libraries\STM32L1xx_StdPeriph_Driver\src\stm32l1xx_flash_ramfunc.o
FLASH_ProgramParallelHalfPage                     Libraries\STM32L1xx_StdPeriph_Driver\src\stm32l1xx_flash_ramfunc.o
FLASH_RUNPowerDownCmd                             Libraries\STM32L1xx_StdPeriph_Driver\src\stm32l1xx_flash_ramfunc.o
FLASH_ReadAccess64Cmd                             Libraries\STM32L1xx_StdPeriph_Driver\src\stm32l1xx_flash.o
FLASH_SLEEPPowerDownCmd                           Libraries\STM32L1xx_StdPeriph_Driver\src\stm32l1xx_flash.o
FLASH_SetLatency                                  Libraries\STM32L1xx_StdPeriph_Driver\src\stm32l1xx_flash.o
FLASH_Unlock                                      Libraries\STM32L1xx_StdPeriph_Driver\src\stm32l1xx_flash.o
FLASH_WaitForLastOperation                        Libraries\STM32L1xx_StdPeriph_Driver\src\stm32l1xx_flash.o
FSMC_NORSRAMCmd                                   Libraries\STM32L1xx_StdPeriph_Driver\src\stm32l1xx_fsmc.o
FSMC_NORSRAMDeInit                                Libraries\STM32L1xx_StdPeriph_Driver\src\stm32l1xx_fsmc.o
FSMC_NORSRAMInit                                  Libraries\STM32L1xx_StdPeriph_Driver\src\stm32l1xx_fsmc.o
FSMC_NORSRAMStructInit                            Libraries\STM32L1xx_StdPeriph_Driver\src\stm32l1xx_fsmc.o
GPIO_CLK                                          Utilities\STM32L152_Nucleo\stm32l1xx_nucleo.o
GPIO_DeInit                                       Libraries\STM32L1xx_StdPeriph_Driver\src\stm32l1xx_gpio.o
GPIO_Init                                         Libraries\STM32L1xx_StdPeriph_Driver\src\stm32l1xx_gpio.o
                                                  Utilities\STM32L152_Nucleo\stm32l1xx_nucleo.o
                                                  src\I2C_lib.o
                                                  src\MPU6050.o
                                                  src\USART_Lib.o
GPIO_PIN                                          Utilities\STM32L152_Nucleo\stm32l1xx_nucleo.o
GPIO_PORT                                         Utilities\STM32L152_Nucleo\stm32l1xx_nucleo.o
GPIO_PinAFConfig                                  Libraries\STM32L1xx_StdPeriph_Driver\src\stm32l1xx_gpio.o
                                                  Utilities\STM32L152_Nucleo\stm32l1xx_nucleo.o
                                                  src\I2C_lib.o
                                                  src\USART_Lib.o
GPIO_PinLockConfig                                Libraries\STM32L1xx_StdPeriph_Driver\src\stm32l1xx_gpio.o
GPIO_ReadInputData                                Libraries\STM32L1xx_StdPeriph_Driver\src\stm32l1xx_gpio.o
GPIO_ReadInputDataBit                             Libraries\STM32L1xx_StdPeriph_Driver\src\stm32l1xx_gpio.o
                                                  Utilities\STM32L152_Nucleo\stm32l1xx_nucleo.o
GPIO_ReadOutputData                               Libraries\STM32L1xx_StdPeriph_Driver\src\stm32l1xx_gpio.o
GPIO_ReadOutputDataBit                            Libraries\STM32L1xx_StdPeriph_Driver\src\stm32l1xx_gpio.o
GPIO_ResetBits                                    Libraries\STM32L1xx_StdPeriph_Driver\src\stm32l1xx_gpio.o
GPIO_SetBits                                      Libraries\STM32L1xx_StdPeriph_Driver\src\stm32l1xx_gpio.o
GPIO_StructInit                                   Libraries\STM32L1xx_StdPeriph_Driver\src\stm32l1xx_gpio.o
GPIO_ToggleBits                                   Libraries\STM32L1xx_StdPeriph_Driver\src\stm32l1xx_gpio.o
GPIO_Write                                        Libraries\STM32L1xx_StdPeriph_Driver\src\stm32l1xx_gpio.o
GPIO_WriteBit                                     Libraries\STM32L1xx_StdPeriph_Driver\src\stm32l1xx_gpio.o
HardFault_Handler                                 src\startup_stm32l1xx_hd.o
I2C1_ER_IRQHandler                                src\startup_stm32l1xx_hd.o
I2C1_EV_IRQHandler                                src\startup_stm32l1xx_hd.o
I2C2_ER_IRQHandler                                src\startup_stm32l1xx_hd.o
I2C2_EV_IRQHandler                                src\startup_stm32l1xx_hd.o
I2C_ARPCmd                                        Libraries\STM32L1xx_StdPeriph_Driver\src\stm32l1xx_i2c.o
I2C_AcknowledgeConfig                             Libraries\STM32L1xx_StdPeriph_Driver\src\stm32l1xx_i2c.o
I2C_CalculatePEC                                  Libraries\STM32L1xx_StdPeriph_Driver\src\stm32l1xx_i2c.o
I2C_CheckEvent                                    Libraries\STM32L1xx_StdPeriph_Driver\src\stm32l1xx_i2c.o
I2C_ClearFlag                                     Libraries\STM32L1xx_StdPeriph_Driver\src\stm32l1xx_i2c.o
I2C_ClearITPendingBit                             Libraries\STM32L1xx_StdPeriph_Driver\src\stm32l1xx_i2c.o
I2C_Cmd                                           Libraries\STM32L1xx_StdPeriph_Driver\src\stm32l1xx_i2c.o
                                                  src\I2C_lib.o
I2C_DMACmd                                        Libraries\STM32L1xx_StdPeriph_Driver\src\stm32l1xx_i2c.o
I2C_DMALastTransferCmd                            Libraries\STM32L1xx_StdPeriph_Driver\src\stm32l1xx_i2c.o
I2C_DeInit                                        Libraries\STM32L1xx_StdPeriph_Driver\src\stm32l1xx_i2c.o
I2C_DualAddressCmd                                Libraries\STM32L1xx_StdPeriph_Driver\src\stm32l1xx_i2c.o
I2C_FastModeDutyCycleConfig                       Libraries\STM32L1xx_StdPeriph_Driver\src\stm32l1xx_i2c.o
I2C_GeneralCallCmd                                Libraries\STM32L1xx_StdPeriph_Driver\src\stm32l1xx_i2c.o
I2C_GenerateSTART                                 Libraries\STM32L1xx_StdPeriph_Driver\src\stm32l1xx_i2c.o
I2C_GenerateSTOP                                  Libraries\STM32L1xx_StdPeriph_Driver\src\stm32l1xx_i2c.o
I2C_GetFlagStatus                                 Libraries\STM32L1xx_StdPeriph_Driver\src\stm32l1xx_i2c.o
I2C_GetITStatus                                   Libraries\STM32L1xx_StdPeriph_Driver\src\stm32l1xx_i2c.o
I2C_GetLastEvent                                  Libraries\STM32L1xx_StdPeriph_Driver\src\stm32l1xx_i2c.o
I2C_GetPEC                                        Libraries\STM32L1xx_StdPeriph_Driver\src\stm32l1xx_i2c.o
I2C_ITConfig                                      Libraries\STM32L1xx_StdPeriph_Driver\src\stm32l1xx_i2c.o
I2C_Init                                          Libraries\STM32L1xx_StdPeriph_Driver\src\stm32l1xx_i2c.o
                                                  src\I2C_lib.o
I2C_InitConfig                                    src\I2C_lib.o
                                                  src\MPU6050.o
I2C_IsConnected                                   src\I2C_lib.o
                                                  src\MPU6050.o
I2C_NACKPositionConfig                            Libraries\STM32L1xx_StdPeriph_Driver\src\stm32l1xx_i2c.o
I2C_OwnAddress2Config                             Libraries\STM32L1xx_StdPeriph_Driver\src\stm32l1xx_i2c.o
I2C_PECPositionConfig                             Libraries\STM32L1xx_StdPeriph_Driver\src\stm32l1xx_i2c.o
I2C_ReadAck                                       src\I2C_lib.o
I2C_ReadBits_Reg                                  src\I2C_lib.o
                                                  src\MPU6050.o
I2C_ReadByte                                      src\I2C_lib.o
I2C_ReadByte_MultiReg                             src\I2C_lib.o
                                                  src\MPU6050.o
I2C_ReadByte_Reg                                  src\I2C_lib.o
                                                  src\MPU6050.o
I2C_ReadMulti                                     src\I2C_lib.o
I2C_ReadNack                                      src\I2C_lib.o
I2C_ReadRegister                                  Libraries\STM32L1xx_StdPeriph_Driver\src\stm32l1xx_i2c.o
I2C_ReceiveData                                   Libraries\STM32L1xx_StdPeriph_Driver\src\stm32l1xx_i2c.o
I2C_SMBusAlertConfig                              Libraries\STM32L1xx_StdPeriph_Driver\src\stm32l1xx_i2c.o
I2C_Send7bitAddress                               Libraries\STM32L1xx_StdPeriph_Driver\src\stm32l1xx_i2c.o
I2C_SendData                                      Libraries\STM32L1xx_StdPeriph_Driver\src\stm32l1xx_i2c.o
I2C_SoftwareResetCmd                              Libraries\STM32L1xx_StdPeriph_Driver\src\stm32l1xx_i2c.o
I2C_Start                                         src\I2C_lib.o
I2C_Stop                                          src\I2C_lib.o
I2C_StretchClockCmd                               Libraries\STM32L1xx_StdPeriph_Driver\src\stm32l1xx_i2c.o
I2C_StructInit                                    Libraries\STM32L1xx_StdPeriph_Driver\src\stm32l1xx_i2c.o
I2C_TestEvent                                     src\I2C_lib.o
I2C_TransmitPEC                                   Libraries\STM32L1xx_StdPeriph_Driver\src\stm32l1xx_i2c.o
I2C_Write                                         src\I2C_lib.o
I2C_WriteBits_Reg                                 src\I2C_lib.o
                                                  src\MPU6050.o
I2C_WriteByte                                     src\I2C_lib.o
I2C_WriteByte_MultiReg                            src\I2C_lib.o
I2C_WriteByte_Reg                                 src\I2C_lib.o
                                                  src\MPU6050.o
I2C_WriteMulti                                    src\I2C_lib.o
I2S_Cmd                                           Libraries\STM32L1xx_StdPeriph_Driver\src\stm32l1xx_spi.o
I2S_Init                                          Libraries\STM32L1xx_StdPeriph_Driver\src\stm32l1xx_spi.o
I2S_StructInit                                    Libraries\STM32L1xx_StdPeriph_Driver\src\stm32l1xx_spi.o
IWDG_Enable                                       Libraries\STM32L1xx_StdPeriph_Driver\src\stm32l1xx_iwdg.o
IWDG_GetFlagStatus                                Libraries\STM32L1xx_StdPeriph_Driver\src\stm32l1xx_iwdg.o
IWDG_ReloadCounter                                Libraries\STM32L1xx_StdPeriph_Driver\src\stm32l1xx_iwdg.o
IWDG_SetPrescaler                                 Libraries\STM32L1xx_StdPeriph_Driver\src\stm32l1xx_iwdg.o
IWDG_SetReload                                    Libraries\STM32L1xx_StdPeriph_Driver\src\stm32l1xx_iwdg.o
IWDG_WriteAccessCmd                               Libraries\STM32L1xx_StdPeriph_Driver\src\stm32l1xx_iwdg.o
InitTimer2                                        src\Timer.o
LCD_BlinkConfig                                   Libraries\STM32L1xx_StdPeriph_Driver\src\stm32l1xx_lcd.o
LCD_ClearFlag                                     Libraries\STM32L1xx_StdPeriph_Driver\src\stm32l1xx_lcd.o
LCD_ClearITPendingBit                             Libraries\STM32L1xx_StdPeriph_Driver\src\stm32l1xx_lcd.o
LCD_Cmd                                           Libraries\STM32L1xx_StdPeriph_Driver\src\stm32l1xx_lcd.o
LCD_ContrastConfig                                Libraries\STM32L1xx_StdPeriph_Driver\src\stm32l1xx_lcd.o
LCD_CtrlLines_Config                              Utilities\STM32L152_Nucleo\stm32l1xx_nucleo.o
LCD_DeInit                                        Libraries\STM32L1xx_StdPeriph_Driver\src\stm32l1xx_lcd.o
LCD_DeadTimeConfig                                Libraries\STM32L1xx_StdPeriph_Driver\src\stm32l1xx_lcd.o
LCD_GetFlagStatus                                 Libraries\STM32L1xx_StdPeriph_Driver\src\stm32l1xx_lcd.o
LCD_GetITStatus                                   Libraries\STM32L1xx_StdPeriph_Driver\src\stm32l1xx_lcd.o
LCD_HighDriveCmd                                  Libraries\STM32L1xx_StdPeriph_Driver\src\stm32l1xx_lcd.o
LCD_IRQHandler                                    src\startup_stm32l1xx_hd.o
LCD_ITConfig                                      Libraries\STM32L1xx_StdPeriph_Driver\src\stm32l1xx_lcd.o
LCD_Init                                          Libraries\STM32L1xx_StdPeriph_Driver\src\stm32l1xx_lcd.o
LCD_MuxSegmentCmd                                 Libraries\STM32L1xx_StdPeriph_Driver\src\stm32l1xx_lcd.o
LCD_PulseOnDurationConfig                         Libraries\STM32L1xx_StdPeriph_Driver\src\stm32l1xx_lcd.o
LCD_StructInit                                    Libraries\STM32L1xx_StdPeriph_Driver\src\stm32l1xx_lcd.o
LCD_UpdateDisplayRequest                          Libraries\STM32L1xx_StdPeriph_Driver\src\stm32l1xx_lcd.o
LCD_WaitForSynchro                                Libraries\STM32L1xx_StdPeriph_Driver\src\stm32l1xx_lcd.o
LCD_Write                                         Libraries\STM32L1xx_StdPeriph_Driver\src\stm32l1xx_lcd.o
MPU6050_Calibration                               src\MPU6050.o
MPU6050_Config_ContinuousMeasurement              src\MPU6050.o
                                                  src\main.o
MPU6050_GetLPF                                    src\MPU6050.o
MPU6050_Get_ClockSel                              src\MPU6050.o
MPU6050_Get_FIFO_Config                           src\MPU6050.o
MPU6050_Get_FIFO_Count                            src\MPU6050.o
MPU6050_Get_FIFO_Enable                           src\MPU6050.o
MPU6050_Get_INT_Config                            src\MPU6050.o
MPU6050_Get_INT_Enable                            src\MPU6050.o
MPU6050_Get_INT_Status                            src\MPU6050.o
MPU6050_Get_RPY_Data                              src\MPU6050.o
                                                  src\main.o
MPU6050_Get_Raw_Accelerometer                     src\MPU6050.o
MPU6050_Get_Raw_Data                              src\MPU6050.o
MPU6050_Get_Raw_Gyroscope                         src\MPU6050.o
MPU6050_Get_Raw_Temperature                       src\MPU6050.o
MPU6050_Get_SampleRate                            src\MPU6050.o
MPU6050_InitConfig                                src\MPU6050.o
                                                  src\main.o
MPU6050_Mapf                                      src\MPU6050.o
MPU6050_Read_FIFO                                 src\MPU6050.o
MPU6050_ResetDevice                               src\MPU6050.o
MPU6050_SetLPF                                    src\MPU6050.o